Component: ARM Compiler 5.06 update 7 (build 960) Tool: armlink [4d3601]

==============================================================================

Section Cross References

    startup_py32f030xx.o(RESET) refers to startup_py32f030xx.o(STACK) for __initial_sp
    startup_py32f030xx.o(RESET) refers to startup_py32f030xx.o(.text) for Reset_Handler
    startup_py32f030xx.o(RESET) refers to py32f0xx_it.o(i.NMI_Handler) for NMI_Handler
    startup_py32f030xx.o(RESET) refers to py32f0xx_it.o(i.HardFault_Handler) for HardFault_Handler
    startup_py32f030xx.o(RESET) refers to port.o(i.SVC_Handler) for SVC_Handler
    startup_py32f030xx.o(RESET) refers to port.o(.emb_text) for PendSV_Handler
    startup_py32f030xx.o(RESET) refers to port.o(i.SysTick_Handler) for SysTick_Handler
    startup_py32f030xx.o(RESET) refers to usart.o(i.DMA1_Channel1_IRQHandler) for DMA1_Channel1_IRQHandler
    startup_py32f030xx.o(RESET) refers to oled.o(i.DMA1_Channel2_3_IRQHandler) for DMA1_Channel2_3_IRQHandler
    startup_py32f030xx.o(RESET) refers to oled.o(i.I2C1_IRQHandler) for I2C1_IRQHandler
    startup_py32f030xx.o(RESET) refers to usart.o(i.USART1_IRQHandler) for USART1_IRQHandler
    startup_py32f030xx.o(.text) refers to system_py32f0xx.o(i.SystemInit) for SystemInit
    startup_py32f030xx.o(.text) refers to entry.o(.ARM.Collect$$$$00000000) for __main
    system_py32f0xx.o(i.$Sub$$main) refers to main.o(i.main) for $Super$$main
    system_py32f0xx.o(i.$Sub$$main) refers to system_py32f0xx.o(.ARM.__at_0x20000000) for VECT_SRAM_TAB
    system_py32f0xx.o(i.SystemCoreClockUpdate) refers to uidiv.o(.text) for __aeabi_uidivmod
    system_py32f0xx.o(i.SystemCoreClockUpdate) refers to system_py32f0xx.o(.data) for SystemCoreClock
    system_py32f0xx.o(i.SystemCoreClockUpdate) refers to system_py32f0xx.o(.constdata) for HSIFreqTable
    main.o(i.APP_SystemClockConfig) refers to memseta.o(.text) for __aeabi_memclr4
    main.o(i.APP_SystemClockConfig) refers to py32f0xx_hal_rcc.o(i.HAL_RCC_OscConfig) for HAL_RCC_OscConfig
    main.o(i.APP_SystemClockConfig) refers to main.o(i.APP_ErrorHandler) for APP_ErrorHandler
    main.o(i.APP_SystemClockConfig) refers to py32f0xx_hal_rcc.o(i.HAL_RCC_ClockConfig) for HAL_RCC_ClockConfig
    main.o(i.ledc) refers to memseta.o(.text) for __aeabi_memclr4
    main.o(i.ledc) refers to py32f0xx_hal_gpio.o(i.HAL_GPIO_Init) for HAL_GPIO_Init
    main.o(i.ledc) refers to py32f0xx_hal_gpio.o(i.HAL_GPIO_WritePin) for HAL_GPIO_WritePin
    main.o(i.ledc) refers to tasks.o(i.vTaskDelay) for vTaskDelay
    main.o(i.main) refers to py32f0xx_hal.o(i.HAL_Init) for HAL_Init
    main.o(i.main) refers to tasks.o(i.xTaskCreate) for xTaskCreate
    main.o(i.main) refers to tasks.o(i.vTaskStartScheduler) for vTaskStartScheduler
    main.o(i.main) refers to main.o(i.pf) for pf
    main.o(i.main) refers to main.o(i.ledc) for ledc
    main.o(i.pf) refers to main.o(i.APP_SystemClockConfig) for APP_SystemClockConfig
    main.o(i.pf) refers to usart.o(i.DEBUG_USART_Config) for DEBUG_USART_Config
    main.o(i.pf) refers to printfa.o(i.__0printf) for __2printf
    py32f0xx_hal_msp.o(i.HAL_I2C_MspInit) refers to memseta.o(.text) for __aeabi_memclr4
    py32f0xx_hal_msp.o(i.HAL_I2C_MspInit) refers to py32f0xx_hal_gpio.o(i.HAL_GPIO_Init) for HAL_GPIO_Init
    py32f0xx_hal_msp.o(i.HAL_I2C_MspInit) refers to py32f0xx_hal_dma.o(i.HAL_DMA_Init) for HAL_DMA_Init
    py32f0xx_hal_msp.o(i.HAL_I2C_MspInit) refers to py32f0xx_hal_cortex.o(i.HAL_NVIC_SetPriority) for HAL_NVIC_SetPriority
    py32f0xx_hal_msp.o(i.HAL_I2C_MspInit) refers to py32f0xx_hal_cortex.o(i.HAL_NVIC_EnableIRQ) for HAL_NVIC_EnableIRQ
    py32f0xx_hal_msp.o(i.HAL_I2C_MspInit) refers to py32f0xx_hal.o(i.HAL_SYSCFG_DMA_Req) for HAL_SYSCFG_DMA_Req
    py32f0xx_hal_msp.o(i.HAL_I2C_MspInit) refers to oled.o(.bss) for I2cHandle
    py32f0xx_hal_msp.o(i.HAL_I2C_MspInit) refers to mpu6050.o(.bss) for mpu6050
    led.o(i.led) refers to memseta.o(.text) for __aeabi_memclr4
    led.o(i.led) refers to py32f0xx_hal_gpio.o(i.HAL_GPIO_Init) for HAL_GPIO_Init
    oled.o(i.DMA1_Channel2_3_IRQHandler) refers to py32f0xx_hal_dma.o(i.HAL_DMA_IRQHandler) for HAL_DMA_IRQHandler
    oled.o(i.DMA1_Channel2_3_IRQHandler) refers to oled.o(.bss) for I2cHandle
    oled.o(i.DMA1_Channel2_3_IRQHandler) refers to mpu6050.o(.bss) for mpu6050
    oled.o(i.I2C1_IRQHandler) refers to py32f0xx_hal_i2c.o(i.HAL_I2C_EV_IRQHandler) for HAL_I2C_EV_IRQHandler
    oled.o(i.I2C1_IRQHandler) refers to oled.o(.bss) for I2cHandle
    oled.o(i.I2C1_IRQHandler) refers to mpu6050.o(.bss) for mpu6050
    oled.o(i.I2C_WriteByte) refers to py32f0xx_hal_i2c.o(i.HAL_I2C_GetState) for HAL_I2C_GetState
    oled.o(i.I2C_WriteByte) refers to py32f0xx_hal_i2c.o(i.HAL_I2C_Mem_Write_DMA) for HAL_I2C_Mem_Write_DMA
    oled.o(i.I2C_WriteByte) refers to oled.o(.bss) for I2cHandle
    oled.o(i.I2C_WriteByte_DMA) refers to py32f0xx_hal_i2c.o(i.HAL_I2C_Master_Transmit_DMA) for HAL_I2C_Master_Transmit_DMA
[...]
    Removing py32f0xx_hal_uart.o(i.UART_DMAReceiveCplt), (70 bytes).
    Removing py32f0xx_hal_uart.o(i.UART_DMARxAbortCallback), (56 bytes).
    Removing py32f0xx_hal_uart.o(i.UART_DMARxHalfCplt), (14 bytes).
    Removing py32f0xx_hal_uart.o(i.UART_DMARxOnlyAbortCallback), (24 bytes).
    Removing py32f0xx_hal_uart.o(i.UART_DMATransmitCplt), (54 bytes).
    Removing py32f0xx_hal_uart.o(i.UART_DMATxAbortCallback), (56 bytes).
    Removing py32f0xx_hal_uart.o(i.UART_DMATxHalfCplt), (14 bytes).
    Removing py32f0xx_hal_uart.o(i.UART_DMATxOnlyAbortCallback), (24 bytes).
    Removing py32f0xx_hal_uart.o(i.UART_EndTxTransfer), (20 bytes).
    Removing py32f0xx_hal_usart.o(.rev16_text), (4 bytes).
    Removing py32f0xx_hal_usart.o(.revsh_text), (4 bytes).
    Removing py32f0xx_hal_wwdg.o(.rev16_text), (4 bytes).
    Removing py32f0xx_hal_wwdg.o(.revsh_text), (4 bytes).
    Removing event_groups.o(i.prvTestWaitCondition), (34 bytes).
    Removing event_groups.o(i.vEventGroupClearBitsCallback), (16 bytes).
    Removing event_groups.o(i.vEventGroupDelete), (42 bytes).
    Removing event_groups.o(i.vEventGroupSetBitsCallback), (16 bytes).
    Removing event_groups.o(i.xEventGroupClearBits), (28 bytes).
    Removing event_groups.o(i.xEventGroupCreate), (28 bytes).
    Removing event_groups.o(i.xEventGroupGetBitsFromISR), (24 bytes).
    Removing event_groups.o(i.xEventGroupSetBits), (166 bytes).
    Removing event_groups.o(i.xEventGroupSync), (166 bytes).
    Removing event_groups.o(i.xEventGroupWaitBits), (206 bytes).
    Removing list.o(i.vListInsertEnd), (24 bytes).
    Removing queue.o(i.prvCopyDataFromQueue), (44 bytes).
    Removing queue.o(i.prvCopyDataToQueue), (108 bytes).
    Removing queue.o(i.prvInitialiseNewQueue), (34 bytes).
    Removing queue.o(i.prvIsQueueEmpty), (28 bytes).
    Removing queue.o(i.prvIsQueueFull), (30 bytes).
    Removing queue.o(i.prvUnlockQueue), (142 bytes).
    Removing queue.o(i.uxQueueGetQueueItemSize), (6 bytes).
    Removing queue.o(i.uxQueueGetQueueLength), (6 bytes).
    Removing queue.o(i.uxQueueMessagesWaiting), (18 bytes).
    Removing queue.o(i.uxQueueMessagesWaitingFromISR), (8 bytes).
    Removing queue.o(i.uxQueueSpacesAvailable), (24 bytes).
    Removing queue.o(i.vQueueDelete), (14 bytes).
    Removing queue.o(i.xQueueGenericCreate), (86 bytes).
    Removing queue.o(i.xQueueGenericReset), (148 bytes).
    Removing queue.o(i.xQueueGenericSend), (252 bytes).
    Removing queue.o(i.xQueueGenericSendFromISR), (146 bytes).
    Removing queue.o(i.xQueueGiveFromISR), (132 bytes).
    Removing queue.o(i.xQueueIsQueueEmptyFromISR), (18 bytes).
    Removing queue.o(i.xQueueIsQueueFullFromISR), (22 bytes).
    Removing queue.o(i.xQueuePeek), (242 bytes).
    Removing queue.o(i.xQueuePeekFromISR), (48 bytes).
    Removing queue.o(i.xQueueReceive), (238 bytes).
    Removing queue.o(i.xQueueReceiveFromISR), (134 bytes).
    Removing queue.o(i.xQueueSemaphoreTake), (230 bytes).
    Removing stream_buffer.o(i.prvBytesInBuffer), (24 bytes).
    Removing stream_buffer.o(i.prvInitialiseNewStreamBuffer), (34 bytes).
    Removing stream_buffer.o(i.prvReadBytesFromBuffer), (74 bytes).
    Removing stream_buffer.o(i.prvReadMessageFromBuffer), (90 bytes).
    Removing stream_buffer.o(i.prvWriteBytesToBuffer), (74 bytes).
    Removing stream_buffer.o(i.prvWriteMessageToBuffer), (86 bytes).
    Removing stream_buffer.o(i.uxStreamBufferGetStreamBufferNotificationIndex), (8 bytes).
    Removing stream_buffer.o(i.vStreamBufferDelete), (34 bytes).
    Removing stream_buffer.o(i.vStreamBufferSetStreamBufferNotificationIndex), (6 bytes).
    Removing stream_buffer.o(i.xStreamBufferBytesAvailable), (18 bytes).
    Removing stream_buffer.o(i.xStreamBufferGenericCreate), (94 bytes).
    Removing stream_buffer.o(i.xStreamBufferIsEmpty), (22 bytes).
    Removing stream_buffer.o(i.xStreamBufferIsFull), (42 bytes).
    Removing stream_buffer.o(i.xStreamBufferNextMessageLengthBytes), (54 bytes).
    Removing stream_buffer.o(i.xStreamBufferReceive), (194 bytes).
    Removing stream_buffer.o(i.xStreamBufferReceiveCompletedFromISR), (58 bytes).
    Removing stream_buffer.o(i.xStreamBufferReceiveFromISR), (114 bytes).
    Removing stream_buffer.o(i.xStreamBufferReset), (64 bytes).
    Removing stream_buffer.o(i.xStreamBufferResetFromISR), (68 bytes).
    Removing stream_buffer.o(i.xStreamBufferSend), (236 bytes).
    Removing stream_buffer.o(i.xStreamBufferSendCompletedFromISR), (58 bytes).
    Removing stream_buffer.o(i.xStreamBufferSendFromISR), (124 bytes).
    Removing stream_buffer.o(i.xStreamBufferSetTriggerLevel), (28 bytes).
    Removing stream_buffer.o(i.xStreamBufferSpacesAvailable), (40 bytes).
    Removing tasks.o(i.pcTaskGetName), (28 bytes).
    Removing tasks.o(i.prvTaskIsTaskSuspended), (104 bytes).
    Removing tasks.o(i.ulTaskGenericNotifyTake), (164 bytes).
    Removing tasks.o(i.ulTaskGenericNotifyValueClear), (68 bytes).
    Removing tasks.o(i.uxTaskGetNumberOfTasks), (12 bytes).
    Removing tasks.o(i.uxTaskPriorityGet), (36 bytes).
    Removing tasks.o(i.uxTaskPriorityGetFromISR), (40 bytes).
    Removing tasks.o(i.uxTaskResetEventItemValue), (28 bytes).
    Removing tasks.o(i.vTaskDelete), (180 bytes).
    Removing tasks.o(i.vTaskEndScheduler), (48 bytes).
    Removing tasks.o(i.vTaskGenericNotifyGiveFromISR), (284 bytes).
    Removing tasks.o(i.vTaskInternalSetTimeOutState), (24 bytes).
    Removing tasks.o(i.vTaskMissedYield), (12 bytes).
    Removing tasks.o(i.vTaskPlaceOnEventList), (32 bytes).
    Removing tasks.o(i.vTaskPlaceOnUnorderedEventList), (84 bytes).
    Removing tasks.o(i.vTaskPrioritySet), (264 bytes).
    Removing tasks.o(i.vTaskRemoveFromUnorderedEventList), (220 bytes).
    Removing tasks.o(i.vTaskResetState), (116 bytes).
    Removing tasks.o(i.vTaskResume), (164 bytes).
    Removing tasks.o(i.vTaskSetTimeOutState), (36 bytes).
    Removing tasks.o(i.vTaskSuspend), (168 bytes).
    Removing tasks.o(i.xTaskCatchUpTicks), (40 bytes).
    Removing tasks.o(i.xTaskCheckForTimeOut), (100 bytes).
    Removing tasks.o(i.xTaskDelayUntil), (100 bytes).
    Removing tasks.o(i.xTaskGenericNotify), (324 bytes).
    Removing tasks.o(i.xTaskGenericNotifyFromISR), (392 bytes).
    Removing tasks.o(i.xTaskGenericNotifyStateClear), (60 bytes).
    Removing tasks.o(i.xTaskGenericNotifyWait), (188 bytes).
    Removing tasks.o(i.xTaskGetCurrentTaskHandle), (12 bytes).
    Removing tasks.o(i.xTaskGetCurrentTaskHandleForCore), (32 bytes).
    Removing tasks.o(i.xTaskGetTickCount), (12 bytes).
    Removing tasks.o(i.xTaskGetTickCountFromISR), (12 bytes).
    Removing tasks.o(i.xTaskRemoveFromEventList), (276 bytes).
    Removing tasks.o(i.xTaskResumeFromISR), (192 bytes).
    Removing port.o(i.vPortEndScheduler), (2 bytes).
    Removing heap_3.o(i.vPortHeapResetState), (2 bytes).
    Removing fadd.o(.text), (178 bytes).
    Removing fmul.o(.text), (122 bytes).
    Removing fflti.o(.text), (22 bytes).
    Removing dflti.o(.text), (40 bytes).
    Removing dfltui.o(.text), (28 bytes).
    Removing dfixi.o(.text), (72 bytes).
    Removing dfixui.o(.text), (60 bytes).
    Removing f2d.o(.text), (40 bytes).
    Removing cdcmple.o(.text), (40 bytes).
    Removing d2f.o(.text), (56 bytes).
    Removing cfcmple.o(.text), (20 bytes).
    Removing fepilogue.o(.text), (130 bytes).
    Removing fdiv.o(.text), (124 bytes).
    Removing fsqrt.o(.text), (88 bytes).
    Removing drnd.o(.text), (124 bytes).
    Removing fscalb.o(.text), (24 bytes).
    Removing dscalb.o(.text), (44 bytes).
    Removing py32f0xx_hal_dma.o(i.__ARM_common_switch8), (28 bytes).

714 unused section(s) (total 76041 bytes) removed from the image.

==============================================================================

Image Symbol Table

    Local Symbols

    Symbol Name                              Value     Ov Type        Size  Object(Section)

    ../clib/microlib/division.c              0x00000000   Number         0  uidiv.o ABSOLUTE
    ../clib/microlib/division.c              0x00000000   Number         0  uldiv.o ABSOLUTE
    ../clib/microlib/division.c              0x00000000   Number         0  idiv.o ABSOLUTE
    ../clib/microlib/errno.c                 0x00000000   Number         0  errno.o ABSOLUTE
    ../clib/microlib/init/entry.s            0x00000000   Number         0  entry11a.o ABSOLUTE
    ../clib/microlib/init/entry.s            0x00000000   Number         0  entry10a.o ABSOLUTE
    ../clib/microlib/init/entry.s            0x00000000   Number         0  entry10b.o ABSOLUTE
    ../clib/microlib/init/entry.s            0x00000000   Number         0  entry11b.o ABSOLUTE
    ../clib/microlib/init/entry.s            0x00000000   Number         0  entry12a.o ABSOLUTE
    ../clib/microlib/init/entry.s            0x00000000   Number         0  entry12b.o ABSOLUTE
    ../clib/microlib/init/entry.s            0x00000000   Number         0  entry.o ABSOLUTE
    ../clib/microlib/init/entry.s            0x00000000   Number         0  entry2.o ABSOLUTE
    ../clib/microlib/init/entry.s            0x00000000   Number         0  entry5.o ABSOLUTE
    ../clib/microlib/init/entry.s            0x00000000   Number         0  entry7a.o ABSOLUTE
    ../clib/microlib/init/entry.s            0x00000000   Number         0  entry7b.o ABSOLUTE
    ../clib/microlib/init/entry.s            0x00000000   Number         0  entry8a.o ABSOLUTE
    ../clib/microlib/init/entry.s            0x00000000   Number         0  entry8b.o ABSOLUTE
    ../clib/microlib/init/entry.s            0x00000000   Number         0  entry9a.o ABSOLUTE
    ../clib/microlib/init/entry.s            0x00000000   Number         0  entry9b.o ABSOLUTE
    ../clib/microlib/longlong.c              0x00000000   Number         0  llshl.o ABSOLUTE
    ../clib/microlib/longlong.c              0x00000000   Number         0  llsshr.o ABSOLUTE
    ../clib/microlib/longlong.c              0x00000000   Number         0  llushr.o ABSOLUTE
    ../clib/microlib/malloc/malloc.c         0x00000000   Number         0  mallocra.o ABSOLUTE
    ../clib/microlib/malloc/malloc.c         0x00000000   Number         0  malloc.o ABSOLUTE
    ../clib/microlib/malloc/malloc.c         0x00000000   Number         0  mallocr.o ABSOLUTE
    ../clib/microlib/malloc/malloc.c         0x00000000   Number         0  malloca.o ABSOLUTE
    ../clib/microlib/malloc/mvars.c          0x00000000   Number         0  mvars.o ABSOLUTE
    ../clib/microlib/printf/printf.c         0x00000000   Number         0  printfb.o ABSOLUTE
    ../clib/microlib/printf/printf.c         0x00000000   Number         0  printf0.o ABSOLUTE
    ../clib/microlib/printf/printf.c         0x00000000   Number         0  printf1.o ABSOLUTE
    ../clib/microlib/printf/printf.c         0x00000000   Number         0  printf2.o ABSOLUTE
    ../clib/microlib/printf/printf.c         0x00000000   Number         0  printf3.o ABSOLUTE
    ../clib/microlib/printf/printf.c         0x00000000   Number         0  printf5.o ABSOLUTE
    ../clib/microlib/printf/printf.c         0x00000000   Number         0  printf6.o ABSOLUTE
    ../clib/microlib/printf/printf.c         0x00000000   Number         0  printf7.o ABSOLUTE
    ../clib/microlib/printf/printf.c         0x00000000   Number         0  printf8.o ABSOLUTE
    ../clib/microlib/printf/printf.c         0x00000000   Number         0  printfa.o ABSOLUTE
    ../clib/microlib/printf/printf.c         0x00000000   Number         0  printf4.o ABSOLUTE
    ../clib/microlib/stdio/streams.c         0x00000000   Number         0  stdout.o ABSOLUTE
    ../clib/microlib/string/memcpy.c         0x00000000   Number         0  memcpya.o ABSOLUTE
    ../clib/microlib/string/memcpy.c         0x00000000   Number         0  memcpyb.o ABSOLUTE
    ../clib/microlib/string/memset.c         0x00000000   Number         0  memseta.o ABSOLUTE
    ../clib/microlib/string/strcmp.c         0x00000000   Number         0  strcmp.o ABSOLUTE
    ../clib/microlib/stubs.s                 0x00000000   Number         0  iusefp.o ABSOLUTE
    ../fplib/microlib/d2f.c                  0x00000000   Number         0  d2f.o ABSOLUTE
    ../fplib/microlib/f2d.c                  0x00000000   Number         0  f2d.o ABSOLUTE
    ../fplib/microlib/fpadd.c                0x00000000   Number         0  fadd.o ABSOLUTE
    ../fplib/microlib/fpadd.c                0x00000000   Number         0  dadd.o ABSOLUTE
    ../fplib/microlib/fpdiv.c                0x00000000   Number         0  fdiv.o ABSOLUTE
    ../fplib/microlib/fpdiv.c                0x00000000   Number         0  ddiv.o ABSOLUTE
    ../fplib/microlib/fpepilogue.c           0x00000000   Number         0  depilogue.o ABSOLUTE
    ../fplib/microlib/fpepilogue.c           0x00000000   Number         0  fepilogue.o ABSOLUTE
    ../fplib/microlib/fpfix.c                0x00000000   Number         0  dfixul.o ABSOLUTE
    ../fplib/microlib/fpfix.c                0x00000000   Number         0  dfixui.o ABSOLUTE
    ../fplib/microlib/fpfix.c                0x00000000   Number         0  dfixi.o ABSOLUTE
    ../fplib/microlib/fpflt.c                0x00000000   Number         0  dfltui.o ABSOLUTE
    ../fplib/microlib/fpflt.c                0x00000000   Number         0  dflti.o ABSOLUTE
    ../fplib/microlib/fpflt.c                0x00000000   Number         0  fflti.o ABSOLUTE
    ../fplib/microlib/fpmul.c                0x00000000   Number         0  dmul.o ABSOLUTE
    ../fplib/microlib/fpmul.c                0x00000000   Number         0  fmul.o ABSOLUTE
    ../fplib/microlib/fprnd.c                0x00000000   Number         0  drnd.o ABSOLUTE
    ../fplib/microlib/fpscalb.c              0x00000000   Number         0  dscalb.o ABSOLUTE
    ../fplib/microlib/fpscalb.c              0x00000000   Number         0  fscalb.o ABSOLUTE
    ../fplib/microlib/fpsqrt.c               0x00000000   Number         0  fsqrt.o ABSOLUTE
    ../mathlib/atan.c                        0x00000000   Number         0  atan_x.o ABSOLUTE
    ../mathlib/atan.c                        0x00000000   Number         0  atan.o ABSOLUTE
    ../mathlib/atan2.c                       0x00000000   Number         0  atan2.o ABSOLUTE
    ../mathlib/atan2.c                       0x00000000   Number         0  atan2_x.o ABSOLUTE
    ../mathlib/atan2f.c                      0x00000000   Number         0  atan2f_x.o ABSOLUTE
    ../mathlib/atan2f.c                      0x00000000   Number         0  atan2f.o ABSOLUTE
    ../mathlib/dunder.c                      0x00000000   Number         0  dunder.o ABSOLUTE
    ../mathlib/fpclassify.c                  0x00000000   Number         0  fpclassify.o ABSOLUTE
    ../mathlib/fpclassifyf.c                 0x00000000   Number         0  fpclassifyf.o ABSOLUTE
    ../mathlib/funder.c                      0x00000000   Number         0  funder.o ABSOLUTE
    ../mathlib/poly.c                        0x00000000   Number         0  poly.o ABSOLUTE
    ../mathlib/qnan.c                        0x00000000   Number         0  qnan.o ABSOLUTE
    ../mathlib/round.c                       0x00000000   Number         0  round.o ABSOLUTE
    ../mathlib/sqrtf.c                       0x00000000   Number         0  sqrtf_x.o ABSOLUTE
    ../mathlib/sqrtf.c                       0x00000000   Number         0  sqrtf.o ABSOLUTE
    ..\Drivers\CMSIS\Device\PY32F0xx\Source\arm\startup_py32f030xx.s 0x00000000   Number         0  startup_py32f030xx.o ABSOLUTE
    ..\Drivers\PY32F0xx_HAL_Driver\Src\py32f0xx_hal.c 0x00000000   Number         0  py32f0xx_hal.o ABSOLUTE
    ..\Drivers\PY32F0xx_HAL_Driver\Src\py32f0xx_hal_adc.c 0x00000000   Number         0  py32f0xx_hal_adc.o ABSOLUTE
    ..\Drivers\PY32F0xx_HAL_Driver\Src\py32f0xx_hal_adc_ex.c 0x00000000   Number         0  py32f0xx_hal_adc_ex.o ABSOLUTE
    ..\Drivers\PY32F0xx_HAL_Driver\Src\py32f0xx_hal_comp.c 0x00000000   Number         0  py32f0xx_hal_comp.o ABSOLUTE
    ..\Drivers\PY32F0xx_HAL_Driver\Src\py32f0xx_hal_cortex.c 0x00000000   Number         0  py32f0xx_hal_cortex.o ABSOLUTE
    ..\Drivers\PY32F0xx_HAL_Driver\Src\py32f0xx_hal_crc.c 0x00000000   Number         0  py32f0xx_hal_crc.o ABSOLUTE
    ..\Drivers\PY32F0xx_HAL_Driver\Src\py32f0xx_hal_dma.c 0x00000000   Number         0  py32f0xx_hal_dma.o ABSOLUTE
    ..\Drivers\PY32F0xx_HAL_Driver\Src\py32f0xx_hal_exti.c 0x00000000   Number         0  py32f0xx_hal_exti.o ABSOLUTE
    ..\Drivers\PY32F0xx_HAL_Driver\Src\py32f0xx_hal_flash.c 0x00000000   Number         0  py32f0xx_hal_flash.o ABSOLUTE
    ..\Drivers\PY32F0xx_HAL_Driver\Src\py32f0xx_hal_gpio.c 0x00000000   Number         0  py32f0xx_hal_gpio.o ABSOLUTE
    ..\Drivers\PY32F0xx_HAL_Driver\Src\py32f0xx_hal_i2c.c 0x00000000   Number         0  py32f0xx_hal_i2c.o ABSOLUTE
    ..\Drivers\PY32F0xx_HAL_Driver\Src\py32f0xx_hal_irda.c 0x00000000   Number         0  py32f0xx_hal_irda.o ABSOLUTE
    ..\Drivers\PY32F0xx_HAL_Driver\Src\py32f0xx_hal_iwdg.c 0x00000000   Number         0  py32f0xx_hal_iwdg.o ABSOLUTE
    ..\Drivers\PY32F0xx_HAL_Driver\Src\py32f0xx_hal_led.c 0x00000000   Number         0  py32f0xx_hal_led.o ABSOLUTE
    ..\Drivers\PY32F0xx_HAL_Driver\Src\py32f0xx_hal_lptim.c 0x00000000   Number         0  py32f0xx_hal_lptim.o ABSOLUTE
    ..\Drivers\PY32F0xx_HAL_Driver\Src\py32f0xx_hal_pwr.c 0x00000000   Number         0  py32f0xx_hal_pwr.o ABSOLUTE
    ..\Drivers\PY32F0xx_HAL_Driver\Src\py32f0xx_hal_rcc.c 0x00000000   Number         0  py32f0xx_hal_rcc.o ABSOLUTE
    ..\Drivers\PY32F0xx_HAL_Driver\Src\py32f0xx_hal_rcc_ex.c 0x00000000   Number         0  py32f0xx_hal_rcc_ex.o ABSOLUTE
    ..\Drivers\PY32F0xx_HAL_Driver\Src\py32f0xx_hal_rtc.c 0x00000000   Number         0  py32f0xx_hal_rtc.o ABSOLUTE
    ..\Drivers\PY32F0xx_HAL_Driver\Src\py32f0xx_hal_rtc_ex.c 0x00000000   Number         0  py32f0xx_hal_rtc_ex.o ABSOLUTE
    ..\Drivers\PY32F0xx_HAL_Driver\Src\py32f0xx_hal_spi.c 0x00000000   Number         0  py32f0xx_hal_spi.o ABSOLUTE
    ..\Drivers\PY32F0xx_HAL_Driver\Src\py32f0xx_hal_tim.c 0x00000000   Number         0  py32f0xx_hal_tim.o ABSOLUTE
    ..\Drivers\PY32F0xx_HAL_Driver\Src\py32f0xx_hal_tim_ex.c 0x00000000   Number         0  py32f0xx_hal_tim_ex.o ABSOLUTE
    ..\Drivers\PY32F0xx_HAL_Driver\Src\py32f0xx_hal_uart.c 0x00000000   Number         0  py32f0xx_hal_uart.o ABSOLUTE
    ..\Drivers\PY32F0xx_HAL_Driver\Src\py32f0xx_hal_usart.c 0x00000000   Number         0  py32f0xx_hal_usart.o ABSOLUTE
    ..\Drivers\PY32F0xx_HAL_Driver\Src\py32f0xx_hal_wwdg.c 0x00000000   Number         0  py32f0xx_hal_wwdg.o ABSOLUTE
    ..\FreeRTOS-Kernel\croutine.c            0x00000000   Number         0  croutine.o ABSOLUTE
    ..\FreeRTOS-Kernel\event_groups.c        0x00000000   Number         0  event_groups.o ABSOLUTE
    ..\FreeRTOS-Kernel\list.c                0x00000000   Number         0  list.o ABSOLUTE
    ..\FreeRTOS-Kernel\portable\MemMang\heap_3.c 0x00000000   Number         0  heap_3.o ABSOLUTE
    ..\FreeRTOS-Kernel\portable\RVDS\ARM_CM0\port.c 0x00000000   Number         0  port.o ABSOLUTE
    ..\FreeRTOS-Kernel\queue.c               0x00000000   Number         0  queue.o ABSOLUTE
    ..\FreeRTOS-Kernel\stream_buffer.c       0x00000000   Number         0  stream_buffer.o ABSOLUTE
    ..\FreeRTOS-Kernel\tasks.c               0x00000000   Number         0  tasks.o ABSOLUTE
    ..\FreeRTOS-Kernel\timers.c              0x00000000   Number         0  timers.o ABSOLUTE
    ..\User\hall_encoder\encoder.c           0x00000000   Number         0  encoder.o ABSOLUTE
    ..\User\main.c                           0x00000000   Number         0  main.o ABSOLUTE
    ..\User\motor_drive\at8236x_motor.c      0x00000000   Number         0  at8236x_motor.o ABSOLUTE
    ..\User\mpu6050\MPU6050.c                0x00000000   Number         0  mpu6050.o ABSOLUTE
    ..\User\oled\OLED.c                      0x00000000   Number         0  oled.o ABSOLUTE
    ..\User\oled\OLED_Data.c                 0x00000000   Number         0  oled_data.o ABSOLUTE
    ..\User\py32f0xx_hal_msp.c               0x00000000   Number         0  py32f0xx_hal_msp.o ABSOLUTE
    ..\User\py32f0xx_it.c                    0x00000000   Number         0  py32f0xx_it.o ABSOLUTE
    ..\User\sg90_servos\sg90.c               0x00000000   Number         0  sg90.o ABSOLUTE
    ..\User\status_lights\led.c              0x00000000   Number         0  led.o ABSOLUTE
    ..\User\system_py32f0xx.c                0x00000000   Number         0  system_py32f0xx.o ABSOLUTE
    ..\User\usart\usart.c                    0x00000000   Number         0  usart.o ABSOLUTE
    ..\\Drivers\\PY32F0xx_HAL_Driver\\Src\\py32f0xx_hal.c 0x00000000   Number         0  py32f0xx_hal.o ABSOLUTE
    ..\\Drivers\\PY32F0xx_HAL_Driver\\Src\\py32f0xx_hal_adc.c 0x00000000   Number         0  py32f0xx_hal_adc.o ABSOLUTE
    ..\\Drivers\\PY32F0xx_HAL_Driver\\Src\\py32f0xx_hal_adc_ex.c 0x00000000   Number         0  py32f0xx_hal_adc_ex.o ABSOLUTE
    ..\\Drivers\\PY32F0xx_HAL_Driver\\Src\\py32f0xx_hal_comp.c 0x00000000   Number         0  py32f0xx_hal_comp.o ABSOLUTE
    ..\\Drivers\\PY32F0xx_HAL_Driver\\Src\\py32f0xx_hal_cortex.c 0x00000000   Number         0  py32f0xx_hal_cortex.o ABSOLUTE
    ..\\Drivers\\PY32F0xx_HAL_Driver\\Src\\py32f0xx_hal_crc.c 0x00000000   Number         0  py32f0xx_hal_crc.o ABSOLUTE
    ..\\Drivers\\PY32F0xx_HAL_Driver\\Src\\py32f0xx_hal_dma.c 0x00000000   Number         0  py32f0xx_hal_dma.o ABSOLUTE
    ..\\Drivers\\PY32F0xx_HAL_Driver\\Src\\py32f0xx_hal_exti.c 0x00000000   Number         0  py32f0xx_hal_exti.o ABSOLUTE
    ..\\Drivers\\PY32F0xx_HAL_Driver\\Src\\py32f0xx_hal_flash.c 0x00000000   Number         0  py32f0xx_hal_flash.o ABSOLUTE
    ..\\Drivers\\PY32F0xx_HAL_Driver\\Src\\py32f0xx_hal_gpio.c 0x00000000   Number         0  py32f0xx_hal_gpio.o ABSOLUTE
    ..\\Drivers\\PY32F0xx_HAL_Driver\\Src\\py32f0xx_hal_i2c.c 0x00000000   Number         0  py32f0xx_hal_i2c.o ABSOLUTE
    ..\\Drivers\\PY32F0xx_HAL_Driver\\Src\\py32f0xx_hal_irda.c 0x00000000   Number         0  py32f0xx_hal_irda.o ABSOLUTE
    ..\\Drivers\\PY32F0xx_HAL_Driver\\Src\\py32f0xx_hal_iwdg.c 0x00000000   Number         0  py32f0xx_hal_iwdg.o ABSOLUTE
    ..\\Drivers\\PY32F0xx_HAL_Driver\\Src\\py32f0xx_hal_led.c 0x00000000   Number         0  py32f0xx_hal_led.o ABSOLUTE
    ..\\Drivers\\PY32F0xx_HAL_Driver\\Src\\py32f0xx_hal_lptim.c 0x00000000   Number         0  py32f0xx_hal_lptim.o ABSOLUTE
    ..\\Drivers\\PY32F0xx_HAL_Driver\\Src\\py32f0xx_hal_pwr.c 0x00000000   Number         0  py32f0xx_hal_pwr.o ABSOLUTE
    ..\\Drivers\\PY32F0xx_HAL_Driver\\Src\\py32f0xx_hal_rcc.c 0x00000000   Number         0  py32f0xx_hal_rcc.o ABSOLUTE
    ..\\Drivers\\PY32F0xx_HAL_Driver\\Src\\py32f0xx_hal_rcc_ex.c 0x00000000   Number         0  py32f0xx_hal_rcc_ex.o ABSOLUTE
    ..\\Drivers\\PY32F0xx_HAL_Driver\\Src\\py32f0xx_hal_rtc.c 0x00000000   Number         0  py32f0xx_hal_rtc.o ABSOLUTE
    ..\\Drivers\\PY32F0xx_HAL_Driver\\Src\\py32f0xx_hal_rtc_ex.c 0x00000000   Number         0  py32f0xx_hal_rtc_ex.o ABSOLUTE
    ..\\Drivers\\PY32F0xx_HAL_Driver\\Src\\py32f0xx_hal_spi.c 0x00000000   Number         0  py32f0xx_hal_spi.o ABSOLUTE
    ..\\Drivers\\PY32F0xx_HAL_Driver\\Src\\py32f0xx_hal_tim.c 0x00000000   Number         0  py32f0xx_hal_tim.o ABSOLUTE
    ..\\Drivers\\PY32F0xx_HAL_Driver\\Src\\py32f0xx_hal_tim_ex.c 0x00000000   Number         0  py32f0xx_hal_tim_ex.o ABSOLUTE
    ..\\Drivers\\PY32F0xx_HAL_Driver\\Src\\py32f0xx_hal_uart.c 0x00000000   Number         0  py32f0xx_hal_uart.o ABSOLUTE
    ..\\Drivers\\PY32F0xx_HAL_Driver\\Src\\py32f0xx_hal_usart.c 0x00000000   Number         0  py32f0xx_hal_usart.o ABSOLUTE
    ..\\Drivers\\PY32F0xx_HAL_Driver\\Src\\py32f0xx_hal_wwdg.c 0x00000000   Number         0  py32f0xx_hal_wwdg.o ABSOLUTE
    ..\\FreeRTOS-Kernel\\portable\\RVDS\\ARM_CM0\\port.c 0x00000000   Number         0  port.o ABSOLUTE
    ..\\User\\hall_encoder\\encoder.c        0x00000000   Number         0  encoder.o ABSOLUTE
    ..\\User\\main.c                         0x00000000   Number         0  main.o ABSOLUTE
    ..\\User\\motor_drive\\at8236x_motor.c   0x00000000   Number         0  at8236x_motor.o ABSOLUTE
    ..\\User\\mpu6050\\MPU6050.c             0x00000000   Number         0  mpu6050.o ABSOLUTE
    ..\\User\\oled\\OLED.c                   0x00000000   Number         0  oled.o ABSOLUTE
    ..\\User\\py32f0xx_hal_msp.c             0x00000000   Number         0  py32f0xx_hal_msp.o ABSOLUTE
    ..\\User\\py32f0xx_it.c                  0x00000000   Number         0  py32f0xx_it.o ABSOLUTE
    ..\\User\\sg90_servos\\sg90.c            0x00000000   Number         0  sg90.o ABSOLUTE
    ..\\User\\status_lights\\led.c           0x00000000   Number         0  led.o ABSOLUTE
    ..\\User\\system_py32f0xx.c              0x00000000   Number         0  system_py32f0xx.o ABSOLUTE
    ..\\User\\usart\\usart.c                 0x00000000   Number         0  usart.o ABSOLUTE
    cdcmple.s                                0x00000000   Number         0  cdcmple.o ABSOLUTE
    cdrcmple.s                               0x00000000   Number         0  cdrcmple.o ABSOLUTE
    cfcmple.s                                0x00000000   Number         0  cfcmple.o ABSOLUTE
    dc.s                                     0x00000000   Number         0  dc.o ABSOLUTE
    handlers.s                               0x00000000   Number         0  handlers.o ABSOLUTE
    init.s                                   0x00000000   Number         0  init.o ABSOLUTE
    RESET                                    0x08000000   Section      192  startup_py32f030xx.o(RESET)
    .ARM.Collect$$$$00000000                 0x080000c0   Section        0  entry.o(.ARM.Collect$$$$00000000)
    .ARM.Collect$$$$00000001                 0x080000c0   Section        4  entry2.o(.ARM.Collect$$$$00000001)
    .ARM.Collect$$$$00000004                 0x080000c4   Section        4  entry5.o(.ARM.Collect$$$$00000004)
    .ARM.Collect$$$$00000008                 0x080000c8   Section        0  entry7b.o(.ARM.Collect$$$$00000008)
    .ARM.Collect$$$$0000000A                 0x080000c8   Section        0  entry8b.o(.ARM.Collect$$$$0000000A)
    .ARM.Collect$$$$0000000B                 0x080000c8   Section        8  entry9a.o(.ARM.Collect$$$$0000000B)
    .ARM.Collect$$$$0000000E                 0x080000d0   Section        4  entry12b.o(.ARM.Collect$$$$0000000E)
    .ARM.Collect$$$$0000000F                 0x080000d4   Section        0  entry10a.o(.ARM.Collect$$$$0000000F)
    .ARM.Collect$$$$00000011                 0x080000d4   Section        0  entry11a.o(.ARM.Collect$$$$00000011)
    .ARM.Collect$$$$00002712                 0x080000d4   Section        4  entry2.o(.ARM.Collect$$$$00002712)
    __lit__00000000                          0x080000d4   Data           4  entry2.o(.ARM.Collect$$$$00002712)
    .emb_text                                0x080000d8   Section      120  port.o(.emb_text)
    .text                                    0x08000150   Section       28  startup_py32f030xx.o(.text)
    .text                                    0x0800016c   Section        0  uidiv.o(.text)
    .text                                    0x08000198   Section        0  memcpya.o(.text)
    .text                                    0x080001bc   Section        0  memseta.o(.text)
    .text                                    0x080001e0   Section        0  dadd.o(.text)
    .text                                    0x08000348   Section        0  dmul.o(.text)
    .text                                    0x08000418   Section        0  ddiv.o(.text)
    .text                                    0x08000508   Section       40  cdrcmple.o(.text)
    .text                                    0x08000530   Section        0  uldiv.o(.text)
    .text                                    0x08000590   Section        0  llshl.o(.text)
    .text                                    0x080005b0   Section        0  llushr.o(.text)
    .text                                    0x080005d2   Section        0  llsshr.o(.text)
    .text                                    0x080005f8   Section        0  iusefp.o(.text)
    .text                                    0x080005f8   Section        0  depilogue.o(.text)
    .text                                    0x080006b8   Section        0  dfixul.o(.text)
    .text                                    0x080006f8   Section       36  init.o(.text)
    i.$Sub$$main                             0x0800071c   Section        0  system_py32f0xx.o(i.$Sub$$main)
    i.APP_ErrorHandler                       0x08000750   Section        0  main.o(i.APP_ErrorHandler)
    i.APP_SystemClockConfig                  0x08000754   Section        0  main.o(i.APP_SystemClockConfig)
    APP_SystemClockConfig                    0x08000755   Thumb Code   122  main.o(i.APP_SystemClockConfig)
    i.DEBUG_USART_Config                     0x080007d4   Section        0  usart.o(i.DEBUG_USART_Config)
    i.DMA1_Channel1_IRQHandler               0x08000810   Section        0  usart.o(i.DMA1_Channel1_IRQHandler)
    i.DMA1_Channel2_3_IRQHandler             0x08000820   Section        0  oled.o(i.DMA1_Channel2_3_IRQHandler)
    i.HAL_DMA_Abort_IT                       0x08000864   Section        0  py32f0xx_hal_dma.o(i.HAL_DMA_Abort_IT)
    i.HAL_DMA_GetState                       0x080008dc   Section        0  py32f0xx_hal_dma.o(i.HAL_DMA_GetState)
    i.HAL_DMA_IRQHandler                     0x080008e4   Section        0  py32f0xx_hal_dma.o(i.HAL_DMA_IRQHandler)
    i.HAL_DMA_Init                           0x08000a0c   Section        0  py32f0xx_hal_dma.o(i.HAL_DMA_Init)
    i.HAL_GPIO_Init                          0x08000a7c   Section        0  py32f0xx_hal_gpio.o(i.HAL_GPIO_Init)
    i.HAL_GPIO_WritePin                      0x08000c30   Section        0  py32f0xx_hal_gpio.o(i.HAL_GPIO_WritePin)
    i.HAL_GetTick                            0x08000c3c   Section        0  py32f0xx_hal.o(i.HAL_GetTick)
    i.HAL_I2C_AbortCpltCallback              0x08000c48   Section        0  py32f0xx_hal_i2c.o(i.HAL_I2C_AbortCpltCallback)
    i.HAL_I2C_AddrCallback                   0x08000c4a   Section        0  py32f0xx_hal_i2c.o(i.HAL_I2C_AddrCallback)
    i.HAL_I2C_EV_IRQHandler                  0x08000c4c   Section        0  py32f0xx_hal_i2c.o(i.HAL_I2C_EV_IRQHandler)
    i.HAL_I2C_ErrorCallback                  0x08000ea4   Section        0  py32f0xx_hal_i2c.o(i.HAL_I2C_ErrorCallback)
    i.HAL_I2C_ListenCpltCallback             0x08000ea6   Section        0  py32f0xx_hal_i2c.o(i.HAL_I2C_ListenCpltCallback)
    i.HAL_I2C_MasterRxCpltCallback           0x08000ea8   Section        0  py32f0xx_hal_i2c.o(i.HAL_I2C_MasterRxCpltCallback)
    i.HAL_I2C_MasterTxCpltCallback           0x08000eaa   Section        0  py32f0xx_hal_i2c.o(i.HAL_I2C_MasterTxCpltCallback)
    i.HAL_I2C_MemRxCpltCallback              0x08000eac   Section        0  py32f0xx_hal_i2c.o(i.HAL_I2C_MemRxCpltCallback)
    i.HAL_I2C_MemTxCpltCallback              0x08000eae   Section        0  py32f0xx_hal_i2c.o(i.HAL_I2C_MemTxCpltCallback)
    i.HAL_I2C_SlaveRxCpltCallback            0x08000eb0   Section        0  py32f0xx_hal_i2c.o(i.HAL_I2C_SlaveRxCpltCallback)
    i.HAL_I2C_SlaveTxCpltCallback            0x08000eb2   Section        0  py32f0xx_hal_i2c.o(i.HAL_I2C_SlaveTxCpltCallback)
    i.HAL_Init                               0x08000eb4   Section        0  py32f0xx_hal.o(i.HAL_Init)
    i.HAL_InitTick                           0x08000ed0   Section        0  py32f0xx_hal.o(i.HAL_InitTick)
    i.HAL_MspInit                            0x08000f30   Section        0  py32f0xx_hal_msp.o(i.HAL_MspInit)
    i.HAL_NVIC_EnableIRQ                     0x08000f74   Section        0  py32f0xx_hal_cortex.o(i.HAL_NVIC_EnableIRQ)
    i.HAL_NVIC_SetPriority                   0x08000f8c   Section        0  py32f0xx_hal_cortex.o(i.HAL_NVIC_SetPriority)
    i.HAL_RCC_ClockConfig                    0x08000fa0   Section        0  py32f0xx_hal_rcc.o(i.HAL_RCC_ClockConfig)
    i.HAL_RCC_GetHCLKFreq                    0x08001174   Section        0  py32f0xx_hal_rcc.o(i.HAL_RCC_GetHCLKFreq)
    i.HAL_RCC_GetPCLK1Freq                   0x08001180   Section        0  py32f0xx_hal_rcc.o(i.HAL_RCC_GetPCLK1Freq)
    i.HAL_RCC_GetSysClockFreq                0x080011a8   Section        0  py32f0xx_hal_rcc.o(i.HAL_RCC_GetSysClockFreq)
    i.HAL_RCC_OscConfig                      0x08001280   Section        0  py32f0xx_hal_rcc.o(i.HAL_RCC_OscConfig)
    i.HAL_SYSCFG_DMA_Req                     0x08001854   Section        0  py32f0xx_hal.o(i.HAL_SYSCFG_DMA_Req)
    i.HAL_SYSTICK_Config                     0x08001864   Section        0  py32f0xx_hal_cortex.o(i.HAL_SYSTICK_Config)
    i.HAL_UART_ErrorCallback                 0x0800189c   Section        0  py32f0xx_hal_uart.o(i.HAL_UART_ErrorCallback)
    i.HAL_UART_IRQHandler                    0x080018a0   Section        0  py32f0xx_hal_uart.o(i.HAL_UART_IRQHandler)
    i.HAL_UART_IdleFrameDetectCpltCallback   0x08001a48   Section        0  py32f0xx_hal_uart.o(i.HAL_UART_IdleFrameDetectCpltCallback)
    i.HAL_UART_Init                          0x08001a4a   Section        0  py32f0xx_hal_uart.o(i.HAL_UART_Init)
    i.HAL_UART_MspInit                       0x08001ad4   Section        0  usart.o(i.HAL_UART_MspInit)
    i.HAL_UART_RxCpltCallback                0x08001c0c   Section        0  py32f0xx_hal_uart.o(i.HAL_UART_RxCpltCallback)
    i.HAL_UART_Transmit                      0x08001c0e   Section        0  py32f0xx_hal_uart.o(i.HAL_UART_Transmit)
    i.HAL_UART_TxCpltCallback                0x08001d0c   Section        0  py32f0xx_hal_uart.o(i.HAL_UART_TxCpltCallback)
    i.HardFault_Handler                      0x08001d0e   Section        0  py32f0xx_it.o(i.HardFault_Handler)
    i.I2C1_IRQHandler                        0x08001d14   Section        0  oled.o(i.I2C1_IRQHandler)
    i.I2C_ConvertOtherXferOptions            0x08001dcc   Section        0  py32f0xx_hal_i2c.o(i.I2C_ConvertOtherXferOptions)
    I2C_ConvertOtherXferOptions              0x08001dcd   Thumb Code    32  py32f0xx_hal_i2c.o(i.I2C_ConvertOtherXferOptions)
    i.I2C_DMAAbort                           0x08001dec   Section        0  py32f0xx_hal_i2c.o(i.I2C_DMAAbort)
    I2C_DMAAbort                             0x08001ded   Thumb Code   156  py32f0xx_hal_i2c.o(i.I2C_DMAAbort)
    i.I2C_ITError                            0x08001e88   Section        0  py32f0xx_hal_i2c.o(i.I2C_ITError)
    I2C_ITError                              0x08001e89   Thumb Code   394  py32f0xx_hal_i2c.o(i.I2C_ITError)
    i.I2C_MasterReceive_BTF                  0x0800201c   Section        0  py32f0xx_hal_i2c.o(i.I2C_MasterReceive_BTF)
    I2C_MasterReceive_BTF                    0x0800201d   Thumb Code   310  py32f0xx_hal_i2c.o(i.I2C_MasterReceive_BTF)
    i.I2C_MasterReceive_RXNE                 0x08002152   Section        0  py32f0xx_hal_i2c.o(i.I2C_MasterReceive_RXNE)
    I2C_MasterReceive_RXNE                   0x08002153   Thumb Code   174  py32f0xx_hal_i2c.o(i.I2C_MasterReceive_RXNE)
    i.I2C_MasterTransmit_BTF                 0x08002200   Section        0  py32f0xx_hal_i2c.o(i.I2C_MasterTransmit_BTF)
    I2C_MasterTransmit_BTF                   0x08002201   Thumb Code   168  py32f0xx_hal_i2c.o(i.I2C_MasterTransmit_BTF)
    i.I2C_MasterTransmit_TXE                 0x080022ac   Section        0  py32f0xx_hal_i2c.o(i.I2C_MasterTransmit_TXE)
    I2C_MasterTransmit_TXE                   0x080022ad   Thumb Code   346  py32f0xx_hal_i2c.o(i.I2C_MasterTransmit_TXE)
    i.I2C_Master_ADD10                       0x0800240c   Section        0  py32f0xx_hal_i2c.o(i.I2C_Master_ADD10)
    I2C_Master_ADD10                         0x0800240d   Thumb Code    52  py32f0xx_hal_i2c.o(i.I2C_Master_ADD10)
    i.I2C_Master_ADDR                        0x08002440   Section        0  py32f0xx_hal_i2c.o(i.I2C_Master_ADDR)
    I2C_Master_ADDR                          0x08002441   Thumb Code   612  py32f0xx_hal_i2c.o(i.I2C_Master_ADDR)
    i.I2C_Master_SB                          0x080026a8   Section        0  py32f0xx_hal_i2c.o(i.I2C_Master_SB)
    I2C_Master_SB                            0x080026a9   Thumb Code   116  py32f0xx_hal_i2c.o(i.I2C_Master_SB)
    i.I2C_SlaveReceive_BTF                   0x0800271c   Section        0  py32f0xx_hal_i2c.o(i.I2C_SlaveReceive_BTF)
    I2C_SlaveReceive_BTF                     0x0800271d   Thumb Code    28  py32f0xx_hal_i2c.o(i.I2C_SlaveReceive_BTF)
    i.I2C_SlaveReceive_RXNE                  0x08002738   Section        0  py32f0xx_hal_i2c.o(i.I2C_SlaveReceive_RXNE)
    I2C_SlaveReceive_RXNE                    0x08002739   Thumb Code    76  py32f0xx_hal_i2c.o(i.I2C_SlaveReceive_RXNE)
    i.I2C_SlaveTransmit_BTF                  0x08002784   Section        0  py32f0xx_hal_i2c.o(i.I2C_SlaveTransmit_BTF)
    I2C_SlaveTransmit_BTF                    0x08002785   Thumb Code    28  py32f0xx_hal_i2c.o(i.I2C_SlaveTransmit_BTF)
    i.I2C_SlaveTransmit_TXE                  0x080027a0   Section        0  py32f0xx_hal_i2c.o(i.I2C_SlaveTransmit_TXE)
    I2C_SlaveTransmit_TXE                    0x080027a1   Thumb Code    76  py32f0xx_hal_i2c.o(i.I2C_SlaveTransmit_TXE)
    i.I2C_Slave_ADDR                         0x080027ec   Section        0  py32f0xx_hal_i2c.o(i.I2C_Slave_ADDR)
    I2C_Slave_ADDR                           0x080027ed   Thumb Code    90  py32f0xx_hal_i2c.o(i.I2C_Slave_ADDR)
    i.I2C_Slave_STOPF                        0x08002848   Section        0  py32f0xx_hal_i2c.o(i.I2C_Slave_STOPF)
    I2C_Slave_STOPF                          0x08002849   Thumb Code   416  py32f0xx_hal_i2c.o(i.I2C_Slave_STOPF)
    i.NMI_Handler                            0x080029f0   Section        0  py32f0xx_it.o(i.NMI_Handler)
    i.NVIC_SetPriority                       0x080029f4   Section        0  py32f0xx_hal_cortex.o(i.NVIC_SetPriority)
    NVIC_SetPriority                         0x080029f5   Thumb Code   110  py32f0xx_hal_cortex.o(i.NVIC_SetPriority)
    i.RCC_GetHSIFreq                         0x08002a6c   Section        0  py32f0xx_hal_rcc.o(i.RCC_GetHSIFreq)
    RCC_GetHSIFreq                           0x08002a6d   Thumb Code    20  py32f0xx_hal_rcc.o(i.RCC_GetHSIFreq)
    i.SVC_Handler                            0x08002a88   Section        0  port.o(i.SVC_Handler)
    i.SysTick_Handler                        0x08002a8c   Section        0  port.o(i.SysTick_Handler)
    i.SystemInit                             0x08002ab0   Section        0  system_py32f0xx.o(i.SystemInit)
    i.UART_AdvFeatureConfig                  0x08002adc   Section        0  py32f0xx_hal_uart.o(i.UART_AdvFeatureConfig)
    UART_AdvFeatureConfig                    0x08002add   Thumb Code    56  py32f0xx_hal_uart.o(i.UART_AdvFeatureConfig)
    i.UART_DMAAbortOnError                   0x08002b14   Section        0  py32f0xx_hal_uart.o(i.UART_DMAAbortOnError)
    UART_DMAAbortOnError                     0x08002b15   Thumb Code    20  py32f0xx_hal_uart.o(i.UART_DMAAbortOnError)
    i.UART_EndRxTransfer                     0x08002b28   Section        0  py32f0xx_hal_uart.o(i.UART_EndRxTransfer)
    UART_EndRxTransfer                       0x08002b29   Thumb Code    34  py32f0xx_hal_uart.o(i.UART_EndRxTransfer)
    i.UART_EndTransmit_IT                    0x08002b4a   Section        0  py32f0xx_hal_uart.o(i.UART_EndTransmit_IT)
    UART_EndTransmit_IT                      0x08002b4b   Thumb Code    32  py32f0xx_hal_uart.o(i.UART_EndTransmit_IT)
    i.UART_Receive_IT                        0x08002b6a   Section        0  py32f0xx_hal_uart.o(i.UART_Receive_IT)
    UART_Receive_IT                          0x08002b6b   Thumb Code   136  py32f0xx_hal_uart.o(i.UART_Receive_IT)
    i.UART_SetConfig                         0x08002bf4   Section        0  py32f0xx_hal_uart.o(i.UART_SetConfig)
    UART_SetConfig                           0x08002bf5   Thumb Code   414  py32f0xx_hal_uart.o(i.UART_SetConfig)
    i.UART_Transmit_IT                       0x08002d98   Section        0  py32f0xx_hal_uart.o(i.UART_Transmit_IT)
    UART_Transmit_IT                         0x08002d99   Thumb Code   106  py32f0xx_hal_uart.o(i.UART_Transmit_IT)
    i.UART_WaitOnFlagUntilTimeout            0x08002e02   Section        0  py32f0xx_hal_uart.o(i.UART_WaitOnFlagUntilTimeout)
    UART_WaitOnFlagUntilTimeout              0x08002e03   Thumb Code   112  py32f0xx_hal_uart.o(i.UART_WaitOnFlagUntilTimeout)
    i.USART1_IRQHandler                      0x08002e74   Section        0  usart.o(i.USART1_IRQHandler)
    i.__0printf                              0x08002e84   Section        0  printfa.o(i.__0printf)
    i.__ARM_clz                              0x08002ea4   Section        0  depilogue.o(i.__ARM_clz)
    i.__scatterload_copy                     0x08002ed2   Section       14  handlers.o(i.__scatterload_copy)
    i.__scatterload_null                     0x08002ee0   Section        2  handlers.o(i.__scatterload_null)
    i.__scatterload_zeroinit                 0x08002ee2   Section       14  handlers.o(i.__scatterload_zeroinit)
    i._fp_digits                             0x08002ef0   Section        0  printfa.o(i._fp_digits)
    _fp_digits                               0x08002ef1   Thumb Code   344  printfa.o(i._fp_digits)
    i._printf_core                           0x08003064   Section        0  printfa.o(i._printf_core)
    _printf_core                             0x08003065   Thumb Code  1760  printfa.o(i._printf_core)
    i._printf_post_padding                   0x08003754   Section        0  printfa.o(i._printf_post_padding)
    _printf_post_padding                     0x08003755   Thumb Code    32  printfa.o(i._printf_post_padding)
    i._printf_pre_padding                    0x08003774   Section        0  printfa.o(i._printf_pre_padding)
    _printf_pre_padding                      0x08003775   Thumb Code    44  printfa.o(i._printf_pre_padding)
    i.fputc                                  0x080037a0   Section        0  usart.o(i.fputc)
    i.free                                   0x080037bc   Section        0  malloc.o(i.free)
    i.ledc                                   0x08003810   Section        0  main.o(i.ledc)
    i.main                                   0x0800387c   Section        0  main.o(i.main)
    i.malloc                                 0x080038d4   Section        0  malloc.o(i.malloc)
    i.pf                                     0x08003940   Section        0  main.o(i.pf)
    i.prvAddCurrentTaskToDelayedList         0x0800396c   Section        0  tasks.o(i.prvAddCurrentTaskToDelayedList)
    prvAddCurrentTaskToDelayedList           0x0800396d   Thumb Code   150  tasks.o(i.prvAddCurrentTaskToDelayedList)
    i.prvAddNewTaskToReadyList               0x08003a1c   Section        0  tasks.o(i.prvAddNewTaskToReadyList)
    prvAddNewTaskToReadyList                 0x08003a1d   Thumb Code   200  tasks.o(i.prvAddNewTaskToReadyList)
    i.prvCheckTasksWaitingTermination        0x08003afc   Section        0  tasks.o(i.prvCheckTasksWaitingTermination)
    prvCheckTasksWaitingTermination          0x08003afd   Thumb Code    60  tasks.o(i.prvCheckTasksWaitingTermination)
    i.prvCreateIdleTasks                     0x08003b44   Section        0  tasks.o(i.prvCreateIdleTasks)
    prvCreateIdleTasks                       0x08003b45   Thumb Code    90  tasks.o(i.prvCreateIdleTasks)
    i.prvCreateTask                          0x08003bb0   Section        0  tasks.o(i.prvCreateTask)
    prvCreateTask                            0x08003bb1   Thumb Code    88  tasks.o(i.prvCreateTask)
    i.prvDeleteTCB                           0x08003c08   Section        0  tasks.o(i.prvDeleteTCB)
    prvDeleteTCB                             0x08003c09   Thumb Code    18  tasks.o(i.prvDeleteTCB)
    i.prvIdleTask                            0x08003c1c   Section        0  tasks.o(i.prvIdleTask)
    prvIdleTask                              0x08003c1d   Thumb Code    20  tasks.o(i.prvIdleTask)
    i.prvInitialiseNewTask                   0x08003c34   Section        0  tasks.o(i.prvInitialiseNewTask)
    prvInitialiseNewTask                     0x08003c35   Thumb Code   126  tasks.o(i.prvInitialiseNewTask)
    i.prvInitialiseTaskLists                 0x08003cb4   Section        0  tasks.o(i.prvInitialiseTaskLists)
    prvInitialiseTaskLists                   0x08003cb5   Thumb Code    68  tasks.o(i.prvInitialiseTaskLists)
    i.prvResetNextTaskUnblockTime            0x08003d18   Section        0  tasks.o(i.prvResetNextTaskUnblockTime)
    prvResetNextTaskUnblockTime              0x08003d19   Thumb Code    44  tasks.o(i.prvResetNextTaskUnblockTime)
    i.prvTaskExitError                       0x08003d4c   Section        0  port.o(i.prvTaskExitError)
    prvTaskExitError                         0x08003d4d   Thumb Code     6  port.o(i.prvTaskExitError)
    i.pvPortMalloc                           0x08003d52   Section        0  heap_3.o(i.pvPortMalloc)
    i.pxPortInitialiseStack                  0x08003d6c   Section        0  port.o(i.pxPortInitialiseStack)
    i.uxListRemove                           0x08003d8c   Section        0  list.o(i.uxListRemove)
    i.vListInitialise                        0x08003db4   Section        0  list.o(i.vListInitialise)
    i.vListInitialiseItem                    0x08003dce   Section        0  list.o(i.vListInitialiseItem)
    i.vListInsert                            0x08003dd4   Section        0  list.o(i.vListInsert)
    i.vPortEnterCritical                     0x08003e0c   Section        0  port.o(i.vPortEnterCritical)
    i.vPortExitCritical                      0x08003e28   Section        0  port.o(i.vPortExitCritical)
    i.vPortFree                              0x08003e44   Section        0  heap_3.o(i.vPortFree)
    i.vPortSetupTimerInterrupt               0x08003e5c   Section        0  port.o(i.vPortSetupTimerInterrupt)
    i.vPortYield                             0x08003e88   Section        0  port.o(i.vPortYield)
    i.vTaskDelay                             0x08003ea0   Section        0  tasks.o(i.vTaskDelay)
    i.vTaskStartScheduler                    0x08003ec8   Section        0  tasks.o(i.vTaskStartScheduler)
    i.vTaskSuspendAll                        0x08003f04   Section        0  tasks.o(i.vTaskSuspendAll)
    i.vTaskSwitchContext                     0x08003f14   Section        0  tasks.o(i.vTaskSwitchContext)
    i.xPortStartScheduler                    0x08003f94   Section        0  port.o(i.xPortStartScheduler)
    i.xTaskCreate                            0x08003fcc   Section        0  tasks.o(i.xTaskCreate)
    i.xTaskIncrementTick                     0x08004000   Section        0  tasks.o(i.xTaskIncrementTick)
    i.xTaskResumeAll                         0x080041a4   Section        0  tasks.o(i.xTaskResumeAll)
    .constdata                               0x08004314   Section      128  system_py32f0xx.o(.constdata)
    .constdata                               0x08004394   Section       20  py32f0xx_hal_rcc.o(.constdata)
    .ARM.__at_0x20000000                     0x20000000   Section      192  system_py32f0xx.o(.ARM.__at_0x20000000)
    .data                                    0x200000c0   Section        4  system_py32f0xx.o(.data)
    .data                                    0x200000c4   Section       12  py32f0xx_hal.o(.data)
    .data                                    0x200000d0   Section       64  tasks.o(.data)
    pxDelayedTaskList                        0x200000d4   Data           4  tasks.o(.data)
    pxOverflowDelayedTaskList                0x200000d8   Data           4  tasks.o(.data)
    uxDeletedTasksWaitingCleanUp             0x200000dc   Data           4  tasks.o(.data)
    uxCurrentNumberOfTasks                   0x200000e0   Data           4  tasks.o(.data)
    xTickCount                               0x200000e4   Data           4  tasks.o(.data)
    uxTopReadyPriority                       0x200000e8   Data           4  tasks.o(.data)
    xSchedulerRunning                        0x200000ec   Data           4  tasks.o(.data)
    xPendedTicks                             0x200000f0   Data           4  tasks.o(.data)
    xYieldPendings                           0x200000f4   Data           4  tasks.o(.data)
    xNumOfOverflows                          0x200000f8   Data           4  tasks.o(.data)
    uxTaskNumber                             0x200000fc   Data           4  tasks.o(.data)
    xNextTaskUnblockTime                     0x20000100   Data           4  tasks.o(.data)
    xIdleTaskHandles                         0x20000104   Data           4  tasks.o(.data)
    uxTopUsedPriority                        0x20000108   Data           4  tasks.o(.data)
    uxSchedulerSuspended                     0x2000010c   Data           4  tasks.o(.data)
    .data                                    0x20000110   Section        4  port.o(.data)
    uxCriticalNesting                        0x20000110   Data           4  port.o(.data)
    .data                                    0x20000114   Section        4  stdout.o(.data)
    .data                                    0x20000118   Section        4  mvars.o(.data)
    .data                                    0x2000011c   Section        4  mvars.o(.data)
    .bss                                     0x20000120   Section     1164  oled.o(.bss)
    .bss                                     0x200005ac   Section      140  mpu6050.o(.bss)
    .bss                                     0x20000638   Section      144  usart.o(.bss)
    .bss                                     0x200006c8   Section      140  tasks.o(.bss)
    pxReadyTasksLists                        0x200006c8   Data          40  tasks.o(.bss)
    xDelayedTaskList1                        0x200006f0   Data          20  tasks.o(.bss)
    xDelayedTaskList2                        0x20000704   Data          20  tasks.o(.bss)
    xPendingReadyList                        0x20000718   Data          20  tasks.o(.bss)
    xTasksWaitingTermination                 0x2000072c   Data          20  tasks.o(.bss)
    xSuspendedTaskList                       0x20000740   Data          20  tasks.o(.bss)
    HEAP                                     0x20000758   Section     4096  startup_py32f030xx.o(HEAP)
    STACK                                    0x20001758   Section     2048  startup_py32f030xx.o(STACK)

    Global Symbols

    Symbol Name                              Value     Ov Type        Size  Object(Section)

    BuildAttributes$$THM_ISAv3M$S$PE$A:L22$X:L11$S22$IEEE1$IW$USESV6$~STKCKD$USESV7$~SHL$OTIME$ROPI$IEEEX$EBA8$MICROLIB$REQ8$PRES8$EABIv2 0x00000000   Number         0  anon$$obj.o ABSOLUTE
    __ARM_use_no_argv                        0x00000000   Number         0  main.o ABSOLUTE
    __arm_fini_                               - Undefined Weak Reference
    __cpp_initialize__aeabi_                  - Undefined Weak Reference
    __cxa_finalize                            - Undefined Weak Reference
    __decompress                              - Undefined Weak Reference
    _clock_init                               - Undefined Weak Reference
    _microlib_exit                            - Undefined Weak Reference
    __Vectors_Size                           0x000000c0   Number         0  startup_py32f030xx.o ABSOLUTE
    __Vectors                                0x08000000   Data           4  startup_py32f030xx.o(RESET)
    __Vectors_End                            0x080000c0   Data           0  startup_py32f030xx.o(RESET)
    __main                                   0x080000c1   Thumb Code     0  entry.o(.ARM.Collect$$$$00000000)
    _main_stk                                0x080000c1   Thumb Code     0  entry2.o(.ARM.Collect$$$$00000001)
    _main_scatterload                        0x080000c5   Thumb Code     0  entry5.o(.ARM.Collect$$$$00000004)
    __main_after_scatterload                 0x080000c9   Thumb Code     0  entry5.o(.ARM.Collect$$$$00000004)
    _main_clock                              0x080000c9   Thumb Code     0  entry7b.o(.ARM.Collect$$$$00000008)
    _main_cpp_init                           0x080000c9   Thumb Code     0  entry8b.o(.ARM.Collect$$$$0000000A)
    _main_init                               0x080000c9   Thumb Code     0  entry9a.o(.ARM.Collect$$$$0000000B)
    __rt_lib_shutdown_fini                   0x080000d1   Thumb Code     0  entry12b.o(.ARM.Collect$$$$0000000E)
    __rt_final_cpp                           0x080000d5   Thumb Code     0  entry10a.o(.ARM.Collect$$$$0000000F)
    __rt_final_exit                          0x080000d5   Thumb Code     0  entry11a.o(.ARM.Collect$$$$00000011)
    __asm___6_port_c_39a90d8d__prvPortStartFirstTask 0x080000d9   Thumb Code    36  port.o(.emb_text)
    ulSetInterruptMaskFromISR                0x08000101   Thumb Code     8  port.o(.emb_text)
    vClearInterruptMaskFromISR               0x08000109   Thumb Code     6  port.o(.emb_text)
    PendSV_Handler                           0x0800010f   Thumb Code    62  port.o(.emb_text)
    Reset_Handler                            0x08000151   Thumb Code     8  startup_py32f030xx.o(.text)
    ADC_COMP_IRQHandler                      0x08000163   Thumb Code     0  startup_py32f030xx.o(.text)
    EXTI0_1_IRQHandler                       0x08000163   Thumb Code     0  startup_py32f030xx.o(.text)
    EXTI2_3_IRQHandler                       0x08000163   Thumb Code     0  startup_py32f030xx.o(.text)
    EXTI4_15_IRQHandler                      0x08000163   Thumb Code     0  startup_py32f030xx.o(.text)
    FLASH_IRQHandler                         0x08000163   Thumb Code     0  startup_py32f030xx.o(.text)
    LED_IRQHandler                           0x08000163   Thumb Code     0  startup_py32f030xx.o(.text)
    LPTIM1_IRQHandler                        0x08000163   Thumb Code     0  startup_py32f030xx.o(.text)
    PVD_IRQHandler                           0x08000163   Thumb Code     0  startup_py32f030xx.o(.text)
    RCC_IRQHandler                           0x08000163   Thumb Code     0  startup_py32f030xx.o(.text)
    RTC_IRQHandler                           0x08000163   Thumb Code     0  startup_py32f030xx.o(.text)
    SPI1_IRQHandler                          0x08000163   Thumb Code     0  startup_py32f030xx.o(.text)
    SPI2_IRQHandler                          0x08000163   Thumb Code     0  startup_py32f030xx.o(.text)
    TIM14_IRQHandler                         0x08000163   Thumb Code     0  startup_py32f030xx.o(.text)
    TIM16_IRQHandler                         0x08000163   Thumb Code     0  startup_py32f030xx.o(.text)
    TIM17_IRQHandler                         0x08000163   Thumb Code     0  startup_py32f030xx.o(.text)
    TIM1_BRK_UP_TRG_COM_IRQHandler           0x08000163   Thumb Code     0  startup_py32f030xx.o(.text)
    TIM1_CC_IRQHandler                       0x08000163   Thumb Code     0  startup_py32f030xx.o(.text)
    TIM3_IRQHandler                          0x08000163   Thumb Code     0  startup_py32f030xx.o(.text)
    USART2_IRQHandler                        0x08000163   Thumb Code     0  startup_py32f030xx.o(.text)
    WWDG_IRQHandler                          0x08000163   Thumb Code     0  startup_py32f030xx.o(.text)
    __aeabi_uidiv                            0x0800016d   Thumb Code     0  uidiv.o(.text)
    __aeabi_uidivmod                         0x0800016d   Thumb Code    44  uidiv.o(.text)
    __aeabi_memcpy                           0x08000199   Thumb Code    36  memcpya.o(.text)
    __aeabi_memcpy4                          0x08000199   Thumb Code     0  memcpya.o(.text)
    __aeabi_memcpy8                          0x08000199   Thumb Code     0  memcpya.o(.text)
    __aeabi_memset                           0x080001bd   Thumb Code    14  memseta.o(.text)
    __aeabi_memset4                          0x080001bd   Thumb Code     0  memseta.o(.text)
    __aeabi_memset8                          0x080001bd   Thumb Code     0  memseta.o(.text)
    __aeabi_memclr                           0x080001cb   Thumb Code     4  memseta.o(.text)
    __aeabi_memclr4                          0x080001cb   Thumb Code     0  memseta.o(.text)
    __aeabi_memclr8                          0x080001cb   Thumb Code     0  memseta.o(.text)
    _memset$wrapper                          0x080001cf   Thumb Code    18  memseta.o(.text)
    __aeabi_dadd                             0x080001e1   Thumb Code   330  dadd.o(.text)
    __aeabi_dsub                             0x0800032b   Thumb Code    12  dadd.o(.text)
    __aeabi_drsub                            0x08000337   Thumb Code    12  dadd.o(.text)
    __aeabi_dmul                             0x08000349   Thumb Code   202  dmul.o(.text)
    __aeabi_ddiv                             0x08000419   Thumb Code   234  ddiv.o(.text)
    __aeabi_cdrcmple                         0x08000509   Thumb Code    38  cdrcmple.o(.text)
    __aeabi_uldivmod                         0x08000531   Thumb Code    96  uldiv.o(.text)
    __aeabi_llsl                             0x08000591   Thumb Code    32  llshl.o(.text)
    _ll_shift_l                              0x08000591   Thumb Code     0  llshl.o(.text)
    __aeabi_llsr                             0x080005b1   Thumb Code    34  llushr.o(.text)
    _ll_ushift_r                             0x080005b1   Thumb Code     0  llushr.o(.text)
    __aeabi_lasr                             0x080005d3   Thumb Code    38  llsshr.o(.text)
    _ll_sshift_r                             0x080005d3   Thumb Code     0  llsshr.o(.text)
    __I$use$fp                               0x080005f9   Thumb Code     0  iusefp.o(.text)
    _double_round                            0x080005f9   Thumb Code    26  depilogue.o(.text)
    _double_epilogue                         0x08000613   Thumb Code   164  depilogue.o(.text)
    __aeabi_d2ulz                            0x080006b9   Thumb Code    54  dfixul.o(.text)
    __scatterload                            0x080006f9   Thumb Code    28  init.o(.text)
    __scatterload_rt2                        0x080006f9   Thumb Code     0  init.o(.text)
    main                                     0x0800071d   Thumb Code    44  system_py32f0xx.o(i.$Sub$$main)
    APP_ErrorHandler                         0x08000751   Thumb Code     4  main.o(i.APP_ErrorHandler)
    DEBUG_USART_Config                       0x080007d5   Thumb Code    50  usart.o(i.DEBUG_USART_Config)
    DMA1_Channel1_IRQHandler                 0x08000811   Thumb Code    12  usart.o(i.DMA1_Channel1_IRQHandler)
    DMA1_Channel2_3_IRQHandler               0x08000821   Thumb Code    54  oled.o(i.DMA1_Channel2_3_IRQHandler)
    HAL_DMA_Abort_IT                         0x08000865   Thumb Code   114  py32f0xx_hal_dma.o(i.HAL_DMA_Abort_IT)
    HAL_DMA_GetState                         0x080008dd   Thumb Code     8  py32f0xx_hal_dma.o(i.HAL_DMA_GetState)
    HAL_DMA_IRQHandler                       0x080008e5   Thumb Code   292  py32f0xx_hal_dma.o(i.HAL_DMA_IRQHandler)
    HAL_DMA_Init                             0x08000a0d   Thumb Code   102  py32f0xx_hal_dma.o(i.HAL_DMA_Init)
    HAL_GPIO_Init                            0x08000a7d   Thumb Code   428  py32f0xx_hal_gpio.o(i.HAL_GPIO_Init)
    HAL_GPIO_WritePin                        0x08000c31   Thumb Code    12  py32f0xx_hal_gpio.o(i.HAL_GPIO_WritePin)
    HAL_GetTick                              0x08000c3d   Thumb Code     6  py32f0xx_hal.o(i.HAL_GetTick)
    HAL_I2C_AbortCpltCallback                0x08000c49   Thumb Code     2  py32f0xx_hal_i2c.o(i.HAL_I2C_AbortCpltCallback)
    HAL_I2C_AddrCallback                     0x08000c4b   Thumb Code     2  py32f0xx_hal_i2c.o(i.HAL_I2C_AddrCallback)
    HAL_I2C_EV_IRQHandler                    0x08000c4d   Thumb Code   600  py32f0xx_hal_i2c.o(i.HAL_I2C_EV_IRQHandler)
    HAL_I2C_ErrorCallback                    0x08000ea5   Thumb Code     2  py32f0xx_hal_i2c.o(i.HAL_I2C_ErrorCallback)
    HAL_I2C_ListenCpltCallback               0x08000ea7   Thumb Code     2  py32f0xx_hal_i2c.o(i.HAL_I2C_ListenCpltCallback)
    HAL_I2C_MasterRxCpltCallback             0x08000ea9   Thumb Code     2  py32f0xx_hal_i2c.o(i.HAL_I2C_MasterRxCpltCallback)
    HAL_I2C_MasterTxCpltCallback             0x08000eab   Thumb Code     2  py32f0xx_hal_i2c.o(i.HAL_I2C_MasterTxCpltCallback)
    HAL_I2C_MemRxCpltCallback                0x08000ead   Thumb Code     2  py32f0xx_hal_i2c.o(i.HAL_I2C_MemRxCpltCallback)
    HAL_I2C_MemTxCpltCallback                0x08000eaf   Thumb Code     2  py32f0xx_hal_i2c.o(i.HAL_I2C_MemTxCpltCallback)
    HAL_I2C_SlaveRxCpltCallback              0x08000eb1   Thumb Code     2  py32f0xx_hal_i2c.o(i.HAL_I2C_SlaveRxCpltCallback)
    HAL_I2C_SlaveTxCpltCallback              0x08000eb3   Thumb Code     2  py32f0xx_hal_i2c.o(i.HAL_I2C_SlaveTxCpltCallback)
    HAL_Init                                 0x08000eb5   Thumb Code    26  py32f0xx_hal.o(i.HAL_Init)
    HAL_InitTick                             0x08000ed1   Thumb Code    82  py32f0xx_hal.o(i.HAL_InitTick)
    HAL_MspInit                              0x08000f31   Thumb Code    64  py32f0xx_hal_msp.o(i.HAL_MspInit)
    HAL_NVIC_EnableIRQ                       0x08000f75   Thumb Code    18  py32f0xx_hal_cortex.o(i.HAL_NVIC_EnableIRQ)
    HAL_NVIC_SetPriority                     0x08000f8d   Thumb Code    18  py32f0xx_hal_cortex.o(i.HAL_NVIC_SetPriority)
    HAL_RCC_ClockConfig                      0x08000fa1   Thumb Code   442  py32f0xx_hal_rcc.o(i.HAL_RCC_ClockConfig)
    HAL_RCC_GetHCLKFreq                      0x08001175   Thumb Code     6  py32f0xx_hal_rcc.o(i.HAL_RCC_GetHCLKFreq)
    HAL_RCC_GetPCLK1Freq                     0x08001181   Thumb Code    32  py32f0xx_hal_rcc.o(i.HAL_RCC_GetPCLK1Freq)
    HAL_RCC_GetSysClockFreq                  0x080011a9   Thumb Code   200  py32f0xx_hal_rcc.o(i.HAL_RCC_GetSysClockFreq)
    HAL_RCC_OscConfig                        0x08001281   Thumb Code  1480  py32f0xx_hal_rcc.o(i.HAL_RCC_OscConfig)
    HAL_SYSCFG_DMA_Req                       0x08001855   Thumb Code    12  py32f0xx_hal.o(i.HAL_SYSCFG_DMA_Req)
    HAL_SYSTICK_Config                       0x08001865   Thumb Code    46  py32f0xx_hal_cortex.o(i.HAL_SYSTICK_Config)
    HAL_UART_ErrorCallback                   0x0800189d   Thumb Code     2  py32f0xx_hal_uart.o(i.HAL_UART_ErrorCallback)
    HAL_UART_IRQHandler                      0x080018a1   Thumb Code   420  py32f0xx_hal_uart.o(i.HAL_UART_IRQHandler)
    HAL_UART_IdleFrameDetectCpltCallback     0x08001a49   Thumb Code     2  py32f0xx_hal_uart.o(i.HAL_UART_IdleFrameDetectCpltCallback)
    HAL_UART_Init                            0x08001a4b   Thumb Code   138  py32f0xx_hal_uart.o(i.HAL_UART_Init)
    HAL_UART_MspInit                         0x08001ad5   Thumb Code   288  usart.o(i.HAL_UART_MspInit)
    HAL_UART_RxCpltCallback                  0x08001c0d   Thumb Code     2  py32f0xx_hal_uart.o(i.HAL_UART_RxCpltCallback)
    HAL_UART_Transmit                        0x08001c0f   Thumb Code   254  py32f0xx_hal_uart.o(i.HAL_UART_Transmit)
    HAL_UART_TxCpltCallback                  0x08001d0d   Thumb Code     2  py32f0xx_hal_uart.o(i.HAL_UART_TxCpltCallback)
    HardFault_Handler                        0x08001d0f   Thumb Code     4  py32f0xx_it.o(i.HardFault_Handler)
    I2C1_IRQHandler                          0x08001d15   Thumb Code   176  oled.o(i.I2C1_IRQHandler)
    NMI_Handler                              0x080029f1   Thumb Code     2  py32f0xx_it.o(i.NMI_Handler)
    SVC_Handler                              0x08002a89   Thumb Code     2  port.o(i.SVC_Handler)
    SysTick_Handler                          0x08002a8d   Thumb Code    32  port.o(i.SysTick_Handler)
    SystemInit                               0x08002ab1   Thumb Code    32  system_py32f0xx.o(i.SystemInit)
    USART1_IRQHandler                        0x08002e75   Thumb Code    10  usart.o(i.USART1_IRQHandler)
    __0printf                                0x08002e85   Thumb Code    24  printfa.o(i.__0printf)
    __1printf                                0x08002e85   Thumb Code     0  printfa.o(i.__0printf)
    __2printf                                0x08002e85   Thumb Code     0  printfa.o(i.__0printf)
    __c89printf                              0x08002e85   Thumb Code     0  printfa.o(i.__0printf)
    printf                                   0x08002e85   Thumb Code     0  printfa.o(i.__0printf)
    __ARM_clz                                0x08002ea5   Thumb Code    46  depilogue.o(i.__ARM_clz)
    __scatterload_copy                       0x08002ed3   Thumb Code    14  handlers.o(i.__scatterload_copy)
    __scatterload_null                       0x08002ee1   Thumb Code     2  handlers.o(i.__scatterload_null)
    __scatterload_zeroinit                   0x08002ee3   Thumb Code    14  handlers.o(i.__scatterload_zeroinit)
    fputc                                    0x080037a1   Thumb Code    22  usart.o(i.fputc)
    free                                     0x080037bd   Thumb Code    80  malloc.o(i.free)
    ledc                                     0x08003811   Thumb Code   102  main.o(i.ledc)
    $Super$$main                             0x0800387d   Thumb Code    54  main.o(i.main)
    malloc                                   0x080038d5   Thumb Code    92  malloc.o(i.malloc)
    pf                                       0x08003941   Thumb Code    20  main.o(i.pf)
    pvPortMalloc                             0x08003d53   Thumb Code    24  heap_3.o(i.pvPortMalloc)
    pxPortInitialiseStack                    0x08003d6d   Thumb Code    26  port.o(i.pxPortInitialiseStack)
    uxListRemove                             0x08003d8d   Thumb Code    40  list.o(i.uxListRemove)
    vListInitialise                          0x08003db5   Thumb Code    26  list.o(i.vListInitialise)
    vListInitialiseItem                      0x08003dcf   Thumb Code     6  list.o(i.vListInitialiseItem)
    vListInsert                              0x08003dd5   Thumb Code    54  list.o(i.vListInsert)
    vPortEnterCritical                       0x08003e0d   Thumb Code    22  port.o(i.vPortEnterCritical)
    vPortExitCritical                        0x08003e29   Thumb Code    22  port.o(i.vPortExitCritical)
    vPortFree                                0x08003e45   Thumb Code    24  heap_3.o(i.vPortFree)
    vPortSetupTimerInterrupt                 0x08003e5d   Thumb Code    34  port.o(i.vPortSetupTimerInterrupt)
    vPortYield                               0x08003e89   Thumb Code    18  port.o(i.vPortYield)
    vTaskDelay                               0x08003ea1   Thumb Code    38  tasks.o(i.vTaskDelay)
    vTaskStartScheduler                      0x08003ec9   Thumb Code    44  tasks.o(i.vTaskStartScheduler)
    vTaskSuspendAll                          0x08003f05   Thumb Code    12  tasks.o(i.vTaskSuspendAll)
    vTaskSwitchContext                       0x08003f15   Thumb Code   106  tasks.o(i.vTaskSwitchContext)
    xPortStartScheduler                      0x08003f95   Thumb Code    48  port.o(i.xPortStartScheduler)
    xTaskCreate                              0x08003fcd   Thumb Code    50  tasks.o(i.xTaskCreate)
    xTaskIncrementTick                       0x08004001   Thumb Code   374  tasks.o(i.xTaskIncrementTick)
    xTaskResumeAll                           0x080041a5   Thumb Code   336  tasks.o(i.xTaskResumeAll)
    AHBPrescTable                            0x08004314   Data          64  system_py32f0xx.o(.constdata)
    APBPrescTable                            0x08004354   Data          32  system_py32f0xx.o(.constdata)
    HSIFreqTable                             0x08004374   Data          32  system_py32f0xx.o(.constdata)
    Region$$Table$$Base                      0x080043a8   Number         0  anon$$obj.o(Region$$Table)
    Region$$Table$$Limit                     0x080043c8   Number         0  anon$$obj.o(Region$$Table)
    VECT_SRAM_TAB                            0x20000000   Data         192  system_py32f0xx.o(.ARM.__at_0x20000000)
    SystemCoreClock                          0x200000c0   Data           4  system_py32f0xx.o(.data)
    uwTick                                   0x200000c4   Data           4  py32f0xx_hal.o(.data)
    uwTickPrio                               0x200000c8   Data           4  py32f0xx_hal.o(.data)
    uwTickFreq                               0x200000cc   Data           4  py32f0xx_hal.o(.data)
    pxCurrentTCB                             0x200000d0   Data           4  tasks.o(.data)
    __stdout                                 0x20000114   Data           4  stdout.o(.data)
    __microlib_freelist                      0x20000118   Data           4  mvars.o(.data)
    __microlib_freelist_initialised          0x2000011c   Data           4  mvars.o(.data)
    OLED_DisplayBuf                          0x20000120   Data        1024  oled.o(.bss)
    I2cHandle                                0x20000520   Data          72  oled.o(.bss)
    hdma_oled                                0x20000568   Data          68  oled.o(.bss)
    mpu6050                                  0x200005ac   Data          72  mpu6050.o(.bss)
    hdma_mpu6050                             0x200005f4   Data          68  mpu6050.o(.bss)
    Uart1_Handle                             0x20000638   Data          76  usart.o(.bss)
    hdma_usart_tx                            0x20000684   Data          68  usart.o(.bss)
    __heap_base                              0x20000758   Data           0  startup_py32f030xx.o(HEAP)
    __heap_limit                             0x20001758   Data           0  startup_py32f030xx.o(HEAP)
    __initial_sp                             0x20001f58   Data           0  startup_py32f030xx.o(STACK)



==============================================================================

Memory Map of the image

  Image Entry point : 0x080000c1

  Load Region LR_IROM1 (Base: 0x08000000, Size: 0x000044e8, Max: 0x00010000, ABSOLUTE)

    Execution Region ER_IROM1 (Exec base: 0x08000000, Load base: 0x08000000, Size: 0x000043c8, Max: 0x00010000, ABSOLUTE)

    Exec Addr    Load Addr    Size         Type   Attr      Idx    E Section Name        Object

    0x08000000   0x08000000   0x000000c0   Data   RO            3    RESET               startup_py32f030xx.o
    0x080000c0   0x080000c0   0x00000000   Code   RO         5198  * .ARM.Collect$$$$00000000  mc_p.l(entry.o)
    0x080000c0   0x080000c0   0x00000004   Code   RO         5572    .ARM.Collect$$$$00000001  mc_p.l(entry2.o)
    0x080000c4   0x080000c4   0x00000004   Code   RO         5575    .ARM.Collect$$$$00000004  mc_p.l(entry5.o)
    0x080000c8   0x080000c8   0x00000000   Code   RO         5577    .ARM.Collect$$$$00000008  mc_p.l(entry7b.o)
    0x080000c8   0x080000c8   0x00000000   Code   RO         5579    .ARM.Collect$$$$0000000A  mc_p.l(entry8b.o)
    0x080000c8   0x080000c8   0x00000008   Code   RO         5580    .ARM.Collect$$$$0000000B  mc_p.l(entry9a.o)
    0x080000d0   0x080000d0   0x00000004   Code   RO         5587    .ARM.Collect$$$$0000000E  mc_p.l(entry12b.o)
    0x080000d4   0x080000d4   0x00000000   Code   RO         5582    .ARM.Collect$$$$0000000F  mc_p.l(entry10a.o)
    0x080000d4   0x080000d4   0x00000000   Code   RO         5584    .ARM.Collect$$$$00000011  mc_p.l(entry11a.o)
    0x080000d4   0x080000d4   0x00000004   Code   RO         5573    .ARM.Collect$$$$00002712  mc_p.l(entry2.o)
    0x080000d8   0x080000d8   0x00000078   Code   RO         5077    .emb_text           port.o
    0x08000150   0x08000150   0x0000001c   Code   RO            4    .text               startup_py32f030xx.o
    0x0800016c   0x0800016c   0x0000002c   Code   RO         5201    .text               mc_p.l(uidiv.o)
    0x08000198   0x08000198   0x00000024   Code   RO         5205    .text               mc_p.l(memcpya.o)
    0x080001bc   0x080001bc   0x00000024   Code   RO         5207    .text               mc_p.l(memseta.o)
    0x080001e0   0x080001e0   0x00000168   Code   RO         5505    .text               mf_p.l(dadd.o)
    0x08000348   0x08000348   0x000000d0   Code   RO         5507    .text               mf_p.l(dmul.o)
    0x08000418   0x08000418   0x000000f0   Code   RO         5509    .text               mf_p.l(ddiv.o)
    0x08000508   0x08000508   0x00000028   Code   RO         5525    .text               mf_p.l(cdrcmple.o)
    0x08000530   0x08000530   0x00000060   Code   RO         5589    .text               mc_p.l(uldiv.o)
    0x08000590   0x08000590   0x00000020   Code   RO         5591    .text               mc_p.l(llshl.o)
    0x080005b0   0x080005b0   0x00000022   Code   RO         5593    .text               mc_p.l(llushr.o)
    0x080005d2   0x080005d2   0x00000026   Code   RO         5595    .text               mc_p.l(llsshr.o)
    0x080005f8   0x080005f8   0x00000000   Code   RO         5606    .text               mc_p.l(iusefp.o)
    0x080005f8   0x080005f8   0x000000be   Code   RO         5613    .text               mf_p.l(depilogue.o)
    0x080006b6   0x080006b6   0x00000002   PAD
    0x080006b8   0x080006b8   0x00000040   Code   RO         5619    .text               mf_p.l(dfixul.o)
    0x080006f8   0x080006f8   0x00000024   Code   RO         5625    .text               mc_p.l(init.o)
    0x0800071c   0x0800071c   0x00000034   Code   RO           12    i.$Sub$$main        system_py32f0xx.o
    0x08000750   0x08000750   0x00000004   Code   RO          149    i.APP_ErrorHandler  main.o
    0x08000754   0x08000754   0x00000080   Code   RO          150    i.APP_SystemClockConfig  main.o
    0x080007d4   0x080007d4   0x0000003c   Code   RO          743    i.DEBUG_USART_Config  usart.o
    0x08000810   0x08000810   0x00000010   Code   RO          744    i.DMA1_Channel1_IRQHandler  usart.o
    0x08000820   0x08000820   0x00000044   Code   RO          347    i.DMA1_Channel2_3_IRQHandler  oled.o
    0x08000864   0x08000864   0x00000078   Code   RO         1424    i.HAL_DMA_Abort_IT  py32f0xx_hal_dma.o
    0x080008dc   0x080008dc   0x00000008   Code   RO         1428    i.HAL_DMA_GetState  py32f0xx_hal_dma.o
    0x080008e4   0x080008e4   0x00000128   Code   RO         1429    i.HAL_DMA_IRQHandler  py32f0xx_hal_dma.o
    0x08000a0c   0x08000a0c   0x00000070   Code   RO         1430    i.HAL_DMA_Init      py32f0xx_hal_dma.o
    0x08000a7c   0x08000a7c   0x000001b4   Code   RO         1765    i.HAL_GPIO_Init     py32f0xx_hal_gpio.o
    0x08000c30   0x08000c30   0x0000000c   Code   RO         1769    i.HAL_GPIO_WritePin  py32f0xx_hal_gpio.o
    0x08000c3c   0x08000c3c   0x0000000c   Code   RO          857    i.HAL_GetTick       py32f0xx_hal.o
    0x08000c48   0x08000c48   0x00000002   Code   RO         1824    i.HAL_I2C_AbortCpltCallback  py32f0xx_hal_i2c.o
    0x08000c4a   0x08000c4a   0x00000002   Code   RO         1825    i.HAL_I2C_AddrCallback  py32f0xx_hal_i2c.o
    0x08000c4c   0x08000c4c   0x00000258   Code   RO         1829    i.HAL_I2C_EV_IRQHandler  py32f0xx_hal_i2c.o
    0x08000ea4   0x08000ea4   0x00000002   Code   RO         1831    i.HAL_I2C_ErrorCallback  py32f0xx_hal_i2c.o
    0x08000ea6   0x08000ea6   0x00000002   Code   RO         1837    i.HAL_I2C_ListenCpltCallback  py32f0xx_hal_i2c.o
    0x08000ea8   0x08000ea8   0x00000002   Code   RO         1838    i.HAL_I2C_MasterRxCpltCallback  py32f0xx_hal_i2c.o
    0x08000eaa   0x08000eaa   0x00000002   Code   RO         1839    i.HAL_I2C_MasterTxCpltCallback  py32f0xx_hal_i2c.o
    0x08000eac   0x08000eac   0x00000002   Code   RO         1851    i.HAL_I2C_MemRxCpltCallback  py32f0xx_hal_i2c.o
    0x08000eae   0x08000eae   0x00000002   Code   RO         1852    i.HAL_I2C_MemTxCpltCallback  py32f0xx_hal_i2c.o
    0x08000eb0   0x08000eb0   0x00000002   Code   RO         1861    i.HAL_I2C_SlaveRxCpltCallback  py32f0xx_hal_i2c.o
    0x08000eb2   0x08000eb2   0x00000002   Code   RO         1862    i.HAL_I2C_SlaveTxCpltCallback  py32f0xx_hal_i2c.o
    0x08000eb4   0x08000eb4   0x0000001a   Code   RO          864    i.HAL_Init          py32f0xx_hal.o
    0x08000ece   0x08000ece   0x00000002   PAD
    0x08000ed0   0x08000ed0   0x00000060   Code   RO          865    i.HAL_InitTick      py32f0xx_hal.o
    0x08000f30   0x08000f30   0x00000044   Code   RO          269    i.HAL_MspInit       py32f0xx_hal_msp.o
    0x08000f74   0x08000f74   0x00000018   Code   RO         1316    i.HAL_NVIC_EnableIRQ  py32f0xx_hal_cortex.o
    0x08000f8c   0x08000f8c   0x00000012   Code   RO         1320    i.HAL_NVIC_SetPriority  py32f0xx_hal_cortex.o
    0x08000f9e   0x08000f9e   0x00000002   PAD
    0x08000fa0   0x08000fa0   0x000001d4   Code   RO         2490    i.HAL_RCC_ClockConfig  py32f0xx_hal_rcc.o
    0x08001174   0x08001174   0x0000000c   Code   RO         2496    i.HAL_RCC_GetHCLKFreq  py32f0xx_hal_rcc.o
    0x08001180   0x08001180   0x00000028   Code   RO         2498    i.HAL_RCC_GetPCLK1Freq  py32f0xx_hal_rcc.o
    0x080011a8   0x080011a8   0x000000d8   Code   RO         2499    i.HAL_RCC_GetSysClockFreq  py32f0xx_hal_rcc.o
    0x08001280   0x08001280   0x000005d4   Code   RO         2503    i.HAL_RCC_OscConfig  py32f0xx_hal_rcc.o
    0x08001854   0x08001854   0x00000010   Code   RO          869    i.HAL_SYSCFG_DMA_Req  py32f0xx_hal.o
    0x08001864   0x08001864   0x00000038   Code   RO         1324    i.HAL_SYSTICK_Config  py32f0xx_hal_cortex.o
    0x0800189c   0x0800189c   0x00000002   Code   RO         3956    i.HAL_UART_ErrorCallback  py32f0xx_hal_uart.o
    0x0800189e   0x0800189e   0x00000002   PAD
    0x080018a0   0x080018a0   0x000001a8   Code   RO         3959    i.HAL_UART_IRQHandler  py32f0xx_hal_uart.o
    0x08001a48   0x08001a48   0x00000002   Code   RO         3960    i.HAL_UART_IdleFrameDetectCpltCallback  py32f0xx_hal_uart.o
    0x08001a4a   0x08001a4a   0x0000008a   Code   RO         3961    i.HAL_UART_Init     py32f0xx_hal_uart.o
    0x08001ad4   0x08001ad4   0x00000138   Code   RO          745    i.HAL_UART_MspInit  usart.o
    0x08001c0c   0x08001c0c   0x00000002   Code   RO         3967    i.HAL_UART_RxCpltCallback  py32f0xx_hal_uart.o
    0x08001c0e   0x08001c0e   0x000000fe   Code   RO         3970    i.HAL_UART_Transmit  py32f0xx_hal_uart.o
    0x08001d0c   0x08001d0c   0x00000002   Code   RO         3973    i.HAL_UART_TxCpltCallback  py32f0xx_hal_uart.o
    0x08001d0e   0x08001d0e   0x00000004   Code   RO          295    i.HardFault_Handler  py32f0xx_it.o
    0x08001d12   0x08001d12   0x00000002   PAD
    0x08001d14   0x08001d14   0x000000b8   Code   RO          348    i.I2C1_IRQHandler   oled.o
    0x08001dcc   0x08001dcc   0x00000020   Code   RO         1873    i.I2C_ConvertOtherXferOptions  py32f0xx_hal_i2c.o
    0x08001dec   0x08001dec   0x0000009c   Code   RO         1874    i.I2C_DMAAbort      py32f0xx_hal_i2c.o
    0x08001e88   0x08001e88   0x00000194   Code   RO         1877    i.I2C_ITError       py32f0xx_hal_i2c.o
    0x0800201c   0x0800201c   0x00000136   Code   RO         1879    i.I2C_MasterReceive_BTF  py32f0xx_hal_i2c.o
    0x08002152   0x08002152   0x000000ae   Code   RO         1880    i.I2C_MasterReceive_RXNE  py32f0xx_hal_i2c.o
    0x08002200   0x08002200   0x000000ac   Code   RO         1883    i.I2C_MasterTransmit_BTF  py32f0xx_hal_i2c.o
    0x080022ac   0x080022ac   0x00000160   Code   RO         1884    i.I2C_MasterTransmit_TXE  py32f0xx_hal_i2c.o
    0x0800240c   0x0800240c   0x00000034   Code   RO         1885    i.I2C_Master_ADD10  py32f0xx_hal_i2c.o
    0x08002440   0x08002440   0x00000268   Code   RO         1886    i.I2C_Master_ADDR   py32f0xx_hal_i2c.o
    0x080026a8   0x080026a8   0x00000074   Code   RO         1887    i.I2C_Master_SB     py32f0xx_hal_i2c.o
    0x0800271c   0x0800271c   0x0000001c   Code   RO         1890    i.I2C_SlaveReceive_BTF  py32f0xx_hal_i2c.o
    0x08002738   0x08002738   0x0000004c   Code   RO         1891    i.I2C_SlaveReceive_RXNE  py32f0xx_hal_i2c.o
    0x08002784   0x08002784   0x0000001c   Code   RO         1892    i.I2C_SlaveTransmit_BTF  py32f0xx_hal_i2c.o
    0x080027a0   0x080027a0   0x0000004c   Code   RO         1893    i.I2C_SlaveTransmit_TXE  py32f0xx_hal_i2c.o
    0x080027ec   0x080027ec   0x0000005a   Code   RO         1894    i.I2C_Slave_ADDR    py32f0xx_hal_i2c.o
    0x08002846   0x08002846   0x00000002   PAD
    0x08002848   0x08002848   0x000001a8   Code   RO         1896    i.I2C_Slave_STOPF   py32f0xx_hal_i2c.o
    0x080029f0   0x080029f0   0x00000002   Code   RO          296    i.NMI_Handler       py32f0xx_it.o
    0x080029f2   0x080029f2   0x00000002   PAD
    0x080029f4   0x080029f4   0x00000078   Code   RO         1326    i.NVIC_SetPriority  py32f0xx_hal_cortex.o
    0x08002a6c   0x08002a6c   0x0000001c   Code   RO         2504    i.RCC_GetHSIFreq    py32f0xx_hal_rcc.o
    0x08002a88   0x08002a88   0x00000002   Code   RO         5078    i.SVC_Handler       port.o
    0x08002a8a   0x08002a8a   0x00000002   PAD
    0x08002a8c   0x08002a8c   0x00000024   Code   RO         5079    i.SysTick_Handler   port.o
    0x08002ab0   0x08002ab0   0x0000002c   Code   RO           14    i.SystemInit        system_py32f0xx.o
    0x08002adc   0x08002adc   0x00000038   Code   RO         3975    i.UART_AdvFeatureConfig  py32f0xx_hal_uart.o
    0x08002b14   0x08002b14   0x00000014   Code   RO         3976    i.UART_DMAAbortOnError  py32f0xx_hal_uart.o
    0x08002b28   0x08002b28   0x00000022   Code   RO         3986    i.UART_EndRxTransfer  py32f0xx_hal_uart.o
    0x08002b4a   0x08002b4a   0x00000020   Code   RO         3987    i.UART_EndTransmit_IT  py32f0xx_hal_uart.o
    0x08002b6a   0x08002b6a   0x00000088   Code   RO         3989    i.UART_Receive_IT   py32f0xx_hal_uart.o
    0x08002bf2   0x08002bf2   0x00000002   PAD
    0x08002bf4   0x08002bf4   0x000001a4   Code   RO         3990    i.UART_SetConfig    py32f0xx_hal_uart.o
    0x08002d98   0x08002d98   0x0000006a   Code   RO         3991    i.UART_Transmit_IT  py32f0xx_hal_uart.o
    0x08002e02   0x08002e02   0x00000070   Code   RO         3992    i.UART_WaitOnFlagUntilTimeout  py32f0xx_hal_uart.o
    0x08002e72   0x08002e72   0x00000002   PAD
    0x08002e74   0x08002e74   0x00000010   Code   RO          746    i.USART1_IRQHandler  usart.o
    0x08002e84   0x08002e84   0x00000020   Code   RO         5446    i.__0printf         mc_p.l(printfa.o)
    0x08002ea4   0x08002ea4   0x0000002e   Code   RO         5615    i.__ARM_clz         mf_p.l(depilogue.o)
    0x08002ed2   0x08002ed2   0x0000000e   Code   RO         5633    i.__scatterload_copy  mc_p.l(handlers.o)
    0x08002ee0   0x08002ee0   0x00000002   Code   RO         5634    i.__scatterload_null  mc_p.l(handlers.o)
    0x08002ee2   0x08002ee2   0x0000000e   Code   RO         5635    i.__scatterload_zeroinit  mc_p.l(handlers.o)
    0x08002ef0   0x08002ef0   0x00000174   Code   RO         5453    i._fp_digits        mc_p.l(printfa.o)
    0x08003064   0x08003064   0x000006f0   Code   RO         5454    i._printf_core      mc_p.l(printfa.o)
    0x08003754   0x08003754   0x00000020   Code   RO         5455    i._printf_post_padding  mc_p.l(printfa.o)
    0x08003774   0x08003774   0x0000002c   Code   RO         5456    i._printf_pre_padding  mc_p.l(printfa.o)
    0x080037a0   0x080037a0   0x0000001c   Code   RO          750    i.fputc             usart.o
    0x080037bc   0x080037bc   0x00000054   Code   RO         5473    i.free              mc_p.l(malloc.o)
    0x08003810   0x08003810   0x0000006c   Code   RO          151    i.ledc              main.o
    0x0800387c   0x0800387c   0x00000058   Code   RO          152    i.main              main.o
    0x080038d4   0x080038d4   0x0000006c   Code   RO         5474    i.malloc            mc_p.l(malloc.o)
    0x08003940   0x08003940   0x0000002c   Code   RO          153    i.pf                main.o
    0x0800396c   0x0800396c   0x000000b0   Code   RO         4758    i.prvAddCurrentTaskToDelayedList  tasks.o
    0x08003a1c   0x08003a1c   0x000000e0   Code   RO         4759    i.prvAddNewTaskToReadyList  tasks.o
    0x08003afc   0x08003afc   0x00000048   Code   RO         4760    i.prvCheckTasksWaitingTermination  tasks.o
    0x08003b44   0x08003b44   0x0000006c   Code   RO         4761    i.prvCreateIdleTasks  tasks.o
    0x08003bb0   0x08003bb0   0x00000058   Code   RO         4762    i.prvCreateTask     tasks.o
    0x08003c08   0x08003c08   0x00000012   Code   RO         4763    i.prvDeleteTCB      tasks.o
    0x08003c1a   0x08003c1a   0x00000002   PAD
    0x08003c1c   0x08003c1c   0x00000018   Code   RO         4764    i.prvIdleTask       tasks.o
    0x08003c34   0x08003c34   0x0000007e   Code   RO         4765    i.prvInitialiseNewTask  tasks.o
    0x08003cb2   0x08003cb2   0x00000002   PAD
    0x08003cb4   0x08003cb4   0x00000064   Code   RO         4766    i.prvInitialiseTaskLists  tasks.o
    0x08003d18   0x08003d18   0x00000034   Code   RO         4767    i.prvResetNextTaskUnblockTime  tasks.o
    0x08003d4c   0x08003d4c   0x00000006   Code   RO         5080    i.prvTaskExitError  port.o
    0x08003d52   0x08003d52   0x00000018   Code   RO         5148    i.pvPortMalloc      heap_3.o
    0x08003d6a   0x08003d6a   0x00000002   PAD
    0x08003d6c   0x08003d6c   0x00000020   Code   RO         5081    i.pxPortInitialiseStack  port.o
    0x08003d8c   0x08003d8c   0x00000028   Code   RO         4408    i.uxListRemove      list.o
    0x08003db4   0x08003db4   0x0000001a   Code   RO         4409    i.vListInitialise   list.o
    0x08003dce   0x08003dce   0x00000006   Code   RO         4410    i.vListInitialiseItem  list.o
    0x08003dd4   0x08003dd4   0x00000036   Code   RO         4411    i.vListInsert       list.o
    0x08003e0a   0x08003e0a   0x00000002   PAD
    0x08003e0c   0x08003e0c   0x0000001c   Code   RO         5083    i.vPortEnterCritical  port.o
    0x08003e28   0x08003e28   0x0000001c   Code   RO         5084    i.vPortExitCritical  port.o
    0x08003e44   0x08003e44   0x00000018   Code   RO         5149    i.vPortFree         heap_3.o
    0x08003e5c   0x08003e5c   0x0000002c   Code   RO         5085    i.vPortSetupTimerInterrupt  port.o
    0x08003e88   0x08003e88   0x00000018   Code   RO         5086    i.vPortYield        port.o
    0x08003ea0   0x08003ea0   0x00000026   Code   RO         4775    i.vTaskDelay        tasks.o
    0x08003ec6   0x08003ec6   0x00000002   PAD
    0x08003ec8   0x08003ec8   0x0000003c   Code   RO         4788    i.vTaskStartScheduler  tasks.o
    0x08003f04   0x08003f04   0x00000010   Code   RO         4790    i.vTaskSuspendAll   tasks.o
    0x08003f14   0x08003f14   0x00000080   Code   RO         4791    i.vTaskSwitchContext  tasks.o
    0x08003f94   0x08003f94   0x00000038   Code   RO         5087    i.xPortStartScheduler  port.o
    0x08003fcc   0x08003fcc   0x00000032   Code   RO         4794    i.xTaskCreate       tasks.o
    0x08003ffe   0x08003ffe   0x00000002   PAD
    0x08004000   0x08004000   0x000001a4   Code   RO         4804    i.xTaskIncrementTick  tasks.o
    0x080041a4   0x080041a4   0x00000170   Code   RO         4806    i.xTaskResumeAll    tasks.o
    0x08004314   0x08004314   0x00000080   Data   RO           16    .constdata          system_py32f0xx.o
    0x08004394   0x08004394   0x00000014   Data   RO         2505    .constdata          py32f0xx_hal_rcc.o
    0x080043a8   0x080043a8   0x00000020   Data   RO         5631    Region$$Table       anon$$obj.o


    Execution Region RW_IRAM1 (Exec base: 0x20000000, Load base: 0x080043c8, Size: 0x00001f58, Max: 0x00002000, ABSOLUTE)

    Exec Addr    Load Addr    Size         Type   Attr      Idx    E Section Name        Object

    0x20000000   0x080043c8   0x000000c0   Data   RW           15    .ARM.__at_0x20000000  system_py32f0xx.o
    0x200000c0   0x08004488   0x00000004   Data   RW           17    .data               system_py32f0xx.o
    0x200000c4   0x0800448c   0x0000000c   Data   RW          872    .data               py32f0xx_hal.o
    0x200000d0   0x08004498   0x00000040   Data   RW         4809    .data               tasks.o
    0x20000110   0x080044d8   0x00000004   Data   RW         5088    .data               port.o
    0x20000114   0x080044dc   0x00000004   Data   RW         5588    .data               mc_p.l(stdout.o)
    0x20000118   0x080044e0   0x00000004   Data   RW         5597    .data               mc_p.l(mvars.o)
    0x2000011c   0x080044e4   0x00000004   Data   RW         5598    .data               mc_p.l(mvars.o)
    0x20000120        -       0x0000048c   Zero   RW          382    .bss                oled.o
    0x200005ac        -       0x0000008c   Zero   RW          647    .bss                mpu6050.o
    0x20000638        -       0x00000090   Zero   RW          751    .bss                usart.o
    0x200006c8        -       0x0000008c   Zero   RW         4808    .bss                tasks.o
    0x20000754   0x080044e8   0x00000004   PAD
    0x20000758        -       0x00001000   Zero   RW            2    HEAP                startup_py32f030xx.o
    0x20001758        -       0x00000800   Zero   RW            1    STACK               startup_py32f030xx.o


==============================================================================

Image component sizes


      Code (inc. data)   RO Data    RW Data    ZI Data      Debug   Object Name

         0          0          0          0          0       1484   event_groups.o
        48          0          0          0          0       1135   heap_3.o
       126          0          0          0          0       2569   list.o
       372         70          0          0          0      11298   main.o
         0          0          0          0        140        259   mpu6050.o
       252         22          0          0       1164       1856   oled.o
       376         56          0          4          0       6867   port.o
       150         24          0         12          0       3144   py32f0xx_hal.o
       218         26          0          0          0       9077   py32f0xx_hal_cortex.o
       536         20          0          0          0       3062   py32f0xx_hal_dma.o
       448          8          0          0          0       2140   py32f0xx_hal_gpio.o
      3726         32          0          0          0      19090   py32f0xx_hal_i2c.o
        68          4          0          0          0        937   py32f0xx_hal_msp.o
      2256         96         20          0          0       5841   py32f0xx_hal_rcc.o
      1740         10          0          0          0      10346   py32f0xx_hal_uart.o
         6          0          0          0          0        806   py32f0xx_it.o
        28          8        192          0       6144        708   startup_py32f030xx.o
        96         20        128        196          0     226731   system_py32f0xx.o
      2068        244          0         64        140      22721   tasks.o
       432         50          0          0        144       3376   usart.o

    ----------------------------------------------------------------------
     12976        690        372        276       7736     333447   Object Totals
         0          0         32          0          0          0   (incl. Generated)
        30          0          0          0          4          0   (incl. Padding)

    ----------------------------------------------------------------------

      Code (inc. data)   RO Data    RW Data    ZI Data      Debug   Library Member Name

         0          0          0          0          0          0   entry.o
         0          0          0          0          0          0   entry10a.o
         0          0          0          0          0          0   entry11a.o
         4          0          0          0          0          0   entry12b.o
         8          4          0          0          0          0   entry2.o
         4          0          0          0          0          0   entry5.o
         0          0          0          0          0          0   entry7b.o
         0          0          0          0          0          0   entry8b.o
         8          4          0          0          0          0   entry9a.o
        30          0          0          0          0          0   handlers.o
        36          8          0          0          0         68   init.o
         0          0          0          0          0          0   iusefp.o
        32          0          0          0          0         68   llshl.o
        38          0          0          0          0         68   llsshr.o
        34          0          0          0          0         68   llushr.o
       192         20          0          0          0        144   malloc.o
        36          0          0          0          0         60   memcpya.o
        36          0          0          0          0        100   memseta.o
         0          0          0          8          0          0   mvars.o
      2256         98          0          0          0        412   printfa.o
         0          0          0          4          0          0   stdout.o
        44          0          0          0          0         72   uidiv.o
        96          0          0          0          0         84   uldiv.o
        40          2          0          0          0         68   cdrcmple.o
       360          6          0          0          0        140   dadd.o
       240          6          0          0          0         84   ddiv.o
       236          0          0          0          0        216   depilogue.o
        64         10          0          0          0         68   dfixul.o
       208          6          0          0          0         88   dmul.o

    ----------------------------------------------------------------------
      4004        164          0         12          0       1808   Library Totals
         2          0          0          0          0          0   (incl. Padding)

    ----------------------------------------------------------------------

      Code (inc. data)   RO Data    RW Data    ZI Data      Debug   Library Name

      2854        134          0         12          0       1144   mc_p.l
      1148         30          0          0          0        664   mf_p.l

    ----------------------------------------------------------------------
      4004        164          0         12          0       1808   Library Totals

    ----------------------------------------------------------------------

==============================================================================


      Code (inc. data)   RO Data    RW Data    ZI Data      Debug   

     16980        854        372        288       7736     329803   Grand Totals
     16980        854        372        288       7736     329803   ELF Image Totals
     16980        854        372        288          0          0   ROM Totals

==============================================================================

    Total RO  Size (Code + RO Data)                17352 (  16.95kB)
    Total RW  Size (RW Data + ZI Data)              8024 (   7.84kB)
    Total ROM Size (Code + RO Data + RW Data)      17640 (  17.23kB)

==============================================================================

